12:35:33 **** Incremental Build of configuration Debug for project adc ****
make -j2 all 
make: Nie ma nic do zrobienia w 'all'.
12:35:42 **** Incremental Build of configuration Debug for project i2c ****
make -j2 all 
make: Nie ma nic do zrobienia w 'all'.
12:36:21 **** Incremental Build of configuration Debug for project i2c ****
make -j2 all 
make: Nie ma nic do zrobienia w 'all'.
12:37:18 **** Incremental Build of configuration Debug for project adc ****
make -j2 all 
Building file: ../src/main.c
Invoking: MCU GCC Compiler
/home/laseczka/workspace/adc/Debug
arm-none-eabi-gcc -mcpu=cortex-m3 -mthumb -mfloat-abi=soft -DSTM32 -DSTM32F1 -DSTM32F103RBTx -DNUCLEO_F103RB -DDEBUG -DSTM32F10X_MD -DUSE_STDPERIPH_DRIVER -I"/home/laseczka/workspace/adc/Utilities/STM32F1xx-Nucleo" -I"/home/laseczka/workspace/adc/StdPeriph_Driver/inc" -I"/home/laseczka/workspace/adc/inc" -I"/home/laseczka/workspace/adc/CMSIS/device" -I"/home/laseczka/workspace/adc/CMSIS/core" -O0 -g3 -Wall -fmessage-length=0 -ffunction-sections -c -MMD -MP -MF"src/main.d" -MT"src/main.o" -o "src/main.o" "../src/main.c"
Finished building: ../src/main.c
 
Building target: adc.elf
Invoking: MCU GCC Linker
arm-none-eabi-gcc -mcpu=cortex-m3 -mthumb -mfloat-abi=soft -T"/home/laseczka/workspace/adc/LinkerScript.ld" -Wl,-Map=output.map -Wl,--gc-sections -o "adc.elf" @"objects.list"   -lm
Finished building target: adc.elf
 
make --no-print-directory post-build
Generating binary and Printing size information:
arm-none-eabi-objcopy -O binary "adc.elf" "adc.bin"
arm-none-eabi-size "adc.elf"
   text	   data	    bss	    dec	    hex	filename
  29100	   2508	    384	  31992	   7cf8	adc.elf
 
12:39:33 **** Incremental Build of configuration Debug for project adc ****
make -j2 all 
Building file: ../src/main.c
Invoking: MCU GCC Compiler
/home/laseczka/workspace/adc/Debug
arm-none-eabi-gcc -mcpu=cortex-m3 -mthumb -mfloat-abi=soft -DSTM32 -DSTM32F1 -DSTM32F103RBTx -DNUCLEO_F103RB -DDEBUG -DSTM32F10X_MD -DUSE_STDPERIPH_DRIVER -I"/home/laseczka/workspace/adc/Utilities/STM32F1xx-Nucleo" -I"/home/laseczka/workspace/adc/StdPeriph_Driver/inc" -I"/home/laseczka/workspace/adc/inc" -I"/home/laseczka/workspace/adc/CMSIS/device" -I"/home/laseczka/workspace/adc/CMSIS/core" -O0 -g3 -Wall -fmessage-length=0 -ffunction-sections -c -MMD -MP -MF"src/main.d" -MT"src/main.o" -o "src/main.o" "../src/main.c"
../src/main.c: In function 'main':
../src/main.c:43:2: error: expected ';' before 'USART_Init'
  USART_Init(USART2, &uart);
  ^~~~~~~~~~
src/subdir.mk:24: recipe for target 'src/main.o' failed
make: *** [src/main.o] Error 1
13:23:35 **** Build of configuration Debug for project dma ****
make -j2 all 
Building file: ../startup/startup_stm32f10x_md.S
Invoking: MCU GCC Compiler
/home/laseczka/workspace/dma/Debug
arm-none-eabi-gcc -mcpu=cortex-m3 -mthumb -mfloat-abi=soft -DSTM32 -DSTM32F1 -DSTM32F103RBTx -DNUCLEO_F103RB -DDEBUG -DSTM32F10X_MD -DUSE_STDPERIPH_DRIVER -I"/home/laseczka/workspace/dma/Utilities/STM32F1xx-Nucleo" -I"/home/laseczka/workspace/dma/StdPeriph_Driver/inc" -I"/home/laseczka/workspace/dma/inc" -I"/home/laseczka/workspace/dma/CMSIS/device" -I"/home/laseczka/workspace/dma/CMSIS/core" -O0 -g3 -Wall -fmessage-length=0 -ffunction-sections -c -MMD -MP -MF"startup/startup_stm32f10x_md.d" -MT"startup/startup_stm32f10x_md.o" -o "startup/startup_stm32f10x_md.o" "../startup/startup_stm32f10x_md.S"
Building file: ../src/main.c
Finished building: ../startup/startup_stm32f10x_md.S
 
Building file: ../src/syscalls.c
Invoking: MCU GCC Compiler
/home/laseczka/workspace/dma/Debug
arm-none-eabi-gcc -mcpu=cortex-m3 -mthumb -mfloat-abi=soft -DSTM32 -DSTM32F1 -DSTM32F103RBTx -DNUCLEO_F103RB -DDEBUG -DSTM32F10X_MD -DUSE_STDPERIPH_DRIVER -I"/home/laseczka/workspace/dma/Utilities/STM32F1xx-Nucleo" -I"/home/laseczka/workspace/dma/StdPeriph_Driver/inc" -I"/home/laseczka/workspace/dma/inc" -I"/home/laseczka/workspace/dma/CMSIS/device" -I"/home/laseczka/workspace/dma/CMSIS/core" -O0 -g3 -Wall -fmessage-length=0 -ffunction-sections -c -MMD -MP -MF"src/syscalls.d" -MT"src/syscalls.o" -o "src/syscalls.o" "../src/syscalls.c"
Invoking: MCU GCC Compiler
/home/laseczka/workspace/dma/Debug
arm-none-eabi-gcc -mcpu=cortex-m3 -mthumb -mfloat-abi=soft -DSTM32 -DSTM32F1 -DSTM32F103RBTx -DNUCLEO_F103RB -DDEBUG -DSTM32F10X_MD -DUSE_STDPERIPH_DRIVER -I"/home/laseczka/workspace/dma/Utilities/STM32F1xx-Nucleo" -I"/home/laseczka/workspace/dma/StdPeriph_Driver/inc" -I"/home/laseczka/workspace/dma/inc" -I"/home/laseczka/workspace/dma/CMSIS/device" -I"/home/laseczka/workspace/dma/CMSIS/core" -O0 -g3 -Wall -fmessage-length=0 -ffunction-sections -c -MMD -MP -MF"src/main.d" -MT"src/main.o" -o "src/main.o" "../src/main.c"
Finished building: ../src/syscalls.c
 
Building file: ../src/system_stm32f10x.c
Invoking: MCU GCC Compiler
/home/laseczka/workspace/dma/Debug
arm-none-eabi-gcc -mcpu=cortex-m3 -mthumb -mfloat-abi=soft -DSTM32 -DSTM32F1 -DSTM32F103RBTx -DNUCLEO_F103RB -DDEBUG -DSTM32F10X_MD -DUSE_STDPERIPH_DRIVER -I"/home/laseczka/workspace/dma/Utilities/STM32F1xx-Nucleo" -I"/home/laseczka/workspace/dma/StdPeriph_Driver/inc" -I"/home/laseczka/workspace/dma/inc" -I"/home/laseczka/workspace/dma/CMSIS/device" -I"/home/laseczka/workspace/dma/CMSIS/core" -O0 -g3 -Wall -fmessage-length=0 -ffunction-sections -c -MMD -MP -MF"src/system_stm32f10x.d" -MT"src/system_stm32f10x.o" -o "src/system_stm32f10x.o" "../src/system_stm32f10x.c"
Finished building: ../src/main.c
../src/system_stm32f10x.c: In function 'SetSysClock':
../src/system_stm32f10x.c:284:37: warning: unused variable 'HSEStatus' [-Wunused-variable]
   __IO uint32_t StartUpCounter = 0, HSEStatus = 0;
                                     ^~~~~~~~~
../src/system_stm32f10x.c:284:17: warning: unused variable 'StartUpCounter' [-Wunused-variable]
   __IO uint32_t StartUpCounter = 0, HSEStatus = 0;
                 ^~~~~~~~~~~~~~
 
Building file: ../Utilities/STM32F1xx-Nucleo/stm32f1xx_nucleo.c
Invoking: MCU GCC Compiler
/home/laseczka/workspace/dma/Debug
arm-none-eabi-gcc -mcpu=cortex-m3 -mthumb -mfloat-abi=soft -DSTM32 -DSTM32F1 -DSTM32F103RBTx -DNUCLEO_F103RB -DDEBUG -DSTM32F10X_MD -DUSE_STDPERIPH_DRIVER -I"/home/laseczka/workspace/dma/Utilities/STM32F1xx-Nucleo" -I"/home/laseczka/workspace/dma/StdPeriph_Driver/inc" -I"/home/laseczka/workspace/dma/inc" -I"/home/laseczka/workspace/dma/CMSIS/device" -I"/home/laseczka/workspace/dma/CMSIS/core" -O0 -g3 -Wall -fmessage-length=0 -ffunction-sections -c -MMD -MP -MF"Utilities/STM32F1xx-Nucleo/stm32f1xx_nucleo.d" -MT"Utilities/STM32F1xx-Nucleo/stm32f1xx_nucleo.o" -o "Utilities/STM32F1xx-Nucleo/stm32f1xx_nucleo.o" "../Utilities/STM32F1xx-Nucleo/stm32f1xx_nucleo.c"
Finished building: ../src/system_stm32f10x.c
 
Building file: ../StdPeriph_Driver/src/misc.c
Invoking: MCU GCC Compiler
/home/laseczka/workspace/dma/Debug
arm-none-eabi-gcc -mcpu=cortex-m3 -mthumb -mfloat-abi=soft -DSTM32 -DSTM32F1 -DSTM32F103RBTx -DNUCLEO_F103RB -DDEBUG -DSTM32F10X_MD -DUSE_STDPERIPH_DRIVER -I"/home/laseczka/workspace/dma/Utilities/STM32F1xx-Nucleo" -I"/home/laseczka/workspace/dma/StdPeriph_Driver/inc" -I"/home/laseczka/workspace/dma/inc" -I"/home/laseczka/workspace/dma/CMSIS/device" -I"/home/laseczka/workspace/dma/CMSIS/core" -O0 -g3 -Wall -fmessage-length=0 -ffunction-sections -c -MMD -MP -MF"StdPeriph_Driver/src/misc.d" -MT"StdPeriph_Driver/src/misc.o" -o "StdPeriph_Driver/src/misc.o" "../StdPeriph_Driver/src/misc.c"
Finished building: ../Utilities/STM32F1xx-Nucleo/stm32f1xx_nucleo.c
 
Building file: ../StdPeriph_Driver/src/stm32f10x_adc.c
Invoking: MCU GCC Compiler
/home/laseczka/workspace/dma/Debug
arm-none-eabi-gcc -mcpu=cortex-m3 -mthumb -mfloat-abi=soft -DSTM32 -DSTM32F1 -DSTM32F103RBTx -DNUCLEO_F103RB -DDEBUG -DSTM32F10X_MD -DUSE_STDPERIPH_DRIVER -I"/home/laseczka/workspace/dma/Utilities/STM32F1xx-Nucleo" -I"/home/laseczka/workspace/dma/StdPeriph_Driver/inc" -I"/home/laseczka/workspace/dma/inc" -I"/home/laseczka/workspace/dma/CMSIS/device" -I"/home/laseczka/workspace/dma/CMSIS/core" -O0 -g3 -Wall -fmessage-length=0 -ffunction-sections -c -MMD -MP -MF"StdPeriph_Driver/src/stm32f10x_adc.d" -MT"StdPeriph_Driver/src/stm32f10x_adc.o" -o "StdPeriph_Driver/src/stm32f10x_adc.o" "../StdPeriph_Driver/src/stm32f10x_adc.c"
Finished building: ../StdPeriph_Driver/src/misc.c
 
Building file: ../StdPeriph_Driver/src/stm32f10x_bkp.c
Invoking: MCU GCC Compiler
/home/laseczka/workspace/dma/Debug
arm-none-eabi-gcc -mcpu=cortex-m3 -mthumb -mfloat-abi=soft -DSTM32 -DSTM32F1 -DSTM32F103RBTx -DNUCLEO_F103RB -DDEBUG -DSTM32F10X_MD -DUSE_STDPERIPH_DRIVER -I"/home/laseczka/workspace/dma/Utilities/STM32F1xx-Nucleo" -I"/home/laseczka/workspace/dma/StdPeriph_Driver/inc" -I"/home/laseczka/workspace/dma/inc" -I"/home/laseczka/workspace/dma/CMSIS/device" -I"/home/laseczka/workspace/dma/CMSIS/core" -O0 -g3 -Wall -fmessage-length=0 -ffunction-sections -c -MMD -MP -MF"StdPeriph_Driver/src/stm32f10x_bkp.d" -MT"StdPeriph_Driver/src/stm32f10x_bkp.o" -o "StdPeriph_Driver/src/stm32f10x_bkp.o" "../StdPeriph_Driver/src/stm32f10x_bkp.c"
Finished building: ../StdPeriph_Driver/src/stm32f10x_adc.c
 
Building file: ../StdPeriph_Driver/src/stm32f10x_can.c
Invoking: MCU GCC Compiler
/home/laseczka/workspace/dma/Debug
arm-none-eabi-gcc -mcpu=cortex-m3 -mthumb -mfloat-abi=soft -DSTM32 -DSTM32F1 -DSTM32F103RBTx -DNUCLEO_F103RB -DDEBUG -DSTM32F10X_MD -DUSE_STDPERIPH_DRIVER -I"/home/laseczka/workspace/dma/Utilities/STM32F1xx-Nucleo" -I"/home/laseczka/workspace/dma/StdPeriph_Driver/inc" -I"/home/laseczka/workspace/dma/inc" -I"/home/laseczka/workspace/dma/CMSIS/device" -I"/home/laseczka/workspace/dma/CMSIS/core" -O0 -g3 -Wall -fmessage-length=0 -ffunction-sections -c -MMD -MP -MF"StdPeriph_Driver/src/stm32f10x_can.d" -MT"StdPeriph_Driver/src/stm32f10x_can.o" -o "StdPeriph_Driver/src/stm32f10x_can.o" "../StdPeriph_Driver/src/stm32f10x_can.c"
Finished building: ../StdPeriph_Driver/src/stm32f10x_bkp.c
 
Building file: ../StdPeriph_Driver/src/stm32f10x_cec.c
Invoking: MCU GCC Compiler
/home/laseczka/workspace/dma/Debug
arm-none-eabi-gcc -mcpu=cortex-m3 -mthumb -mfloat-abi=soft -DSTM32 -DSTM32F1 -DSTM32F103RBTx -DNUCLEO_F103RB -DDEBUG -DSTM32F10X_MD -DUSE_STDPERIPH_DRIVER -I"/home/laseczka/workspace/dma/Utilities/STM32F1xx-Nucleo" -I"/home/laseczka/workspace/dma/StdPeriph_Driver/inc" -I"/home/laseczka/workspace/dma/inc" -I"/home/laseczka/workspace/dma/CMSIS/device" -I"/home/laseczka/workspace/dma/CMSIS/core" -O0 -g3 -Wall -fmessage-length=0 -ffunction-sections -c -MMD -MP -MF"StdPeriph_Driver/src/stm32f10x_cec.d" -MT"StdPeriph_Driver/src/stm32f10x_cec.o" -o "StdPeriph_Driver/src/stm32f10x_cec.o" "../StdPeriph_Driver/src/stm32f10x_cec.c"
Finished building: ../StdPeriph_Driver/src/stm32f10x_can.c
 
Building file: ../StdPeriph_Driver/src/stm32f10x_crc.c
Invoking: MCU GCC Compiler
/home/laseczka/workspace/dma/Debug
arm-none-eabi-gcc -mcpu=cortex-m3 -mthumb -mfloat-abi=soft -DSTM32 -DSTM32F1 -DSTM32F103RBTx -DNUCLEO_F103RB -DDEBUG -DSTM32F10X_MD -DUSE_STDPERIPH_DRIVER -I"/home/laseczka/workspace/dma/Utilities/STM32F1xx-Nucleo" -I"/home/laseczka/workspace/dma/StdPeriph_Driver/inc" -I"/home/laseczka/workspace/dma/inc" -I"/home/laseczka/workspace/dma/CMSIS/device" -I"/home/laseczka/workspace/dma/CMSIS/core" -O0 -g3 -Wall -fmessage-length=0 -ffunction-sections -c -MMD -MP -MF"StdPeriph_Driver/src/stm32f10x_crc.d" -MT"StdPeriph_Driver/src/stm32f10x_crc.o" -o "StdPeriph_Driver/src/stm32f10x_crc.o" "../StdPeriph_Driver/src/stm32f10x_crc.c"
Finished building: ../StdPeriph_Driver/src/stm32f10x_crc.c
 
Finished building: ../StdPeriph_Driver/src/stm32f10x_cec.c
Building file: ../StdPeriph_Driver/src/stm32f10x_dac.c
Invoking: MCU GCC Compiler
/home/laseczka/workspace/dma/Debug
arm-none-eabi-gcc -mcpu=cortex-m3 -mthumb -mfloat-abi=soft -DSTM32 -DSTM32F1 -DSTM32F103RBTx -DNUCLEO_F103RB -DDEBUG -DSTM32F10X_MD -DUSE_STDPERIPH_DRIVER -I"/home/laseczka/workspace/dma/Utilities/STM32F1xx-Nucleo" -I"/home/laseczka/workspace/dma/StdPeriph_Driver/inc" -I"/home/laseczka/workspace/dma/inc" -I"/home/laseczka/workspace/dma/CMSIS/device" -I"/home/laseczka/workspace/dma/CMSIS/core" -O0 -g3 -Wall -fmessage-length=0 -ffunction-sections -c -MMD -MP -MF"StdPeriph_Driver/src/stm32f10x_dac.d" -MT"StdPeriph_Driver/src/stm32f10x_dac.o" -o "StdPeriph_Driver/src/stm32f10x_dac.o" "../StdPeriph_Driver/src/stm32f10x_dac.c"
 
Building file: ../StdPeriph_Driver/src/stm32f10x_dbgmcu.c
Invoking: MCU GCC Compiler
/home/laseczka/workspace/dma/Debug
arm-none-eabi-gcc -mcpu=cortex-m3 -mthumb -mfloat-abi=soft -DSTM32 -DSTM32F1 -DSTM32F103RBTx -DNUCLEO_F103RB -DDEBUG -DSTM32F10X_MD -DUSE_STDPERIPH_DRIVER -I"/home/laseczka/workspace/dma/Utilities/STM32F1xx-Nucleo" -I"/home/laseczka/workspace/dma/StdPeriph_Driver/inc" -I"/home/laseczka/workspace/dma/inc" -I"/home/laseczka/workspace/dma/CMSIS/device" -I"/home/laseczka/workspace/dma/CMSIS/core" -O0 -g3 -Wall -fmessage-length=0 -ffunction-sections -c -MMD -MP -MF"StdPeriph_Driver/src/stm32f10x_dbgmcu.d" -MT"StdPeriph_Driver/src/stm32f10x_dbgmcu.o" -o "StdPeriph_Driver/src/stm32f10x_dbgmcu.o" "../StdPeriph_Driver/src/stm32f10x_dbgmcu.c"
Finished building: ../StdPeriph_Driver/src/stm32f10x_dac.c
 
Building file: ../StdPeriph_Driver/src/stm32f10x_dma.c
Invoking: MCU GCC Compiler
/home/laseczka/workspace/dma/Debug
arm-none-eabi-gcc -mcpu=cortex-m3 -mthumb -mfloat-abi=soft -DSTM32 -DSTM32F1 -DSTM32F103RBTx -DNUCLEO_F103RB -DDEBUG -DSTM32F10X_MD -DUSE_STDPERIPH_DRIVER -I"/home/laseczka/workspace/dma/Utilities/STM32F1xx-Nucleo" -I"/home/laseczka/workspace/dma/StdPeriph_Driver/inc" -I"/home/laseczka/workspace/dma/inc" -I"/home/laseczka/workspace/dma/CMSIS/device" -I"/home/laseczka/workspace/dma/CMSIS/core" -O0 -g3 -Wall -fmessage-length=0 -ffunction-sections -c -MMD -MP -MF"StdPeriph_Driver/src/stm32f10x_dma.d" -MT"StdPeriph_Driver/src/stm32f10x_dma.o" -o "StdPeriph_Driver/src/stm32f10x_dma.o" "../StdPeriph_Driver/src/stm32f10x_dma.c"
Finished building: ../StdPeriph_Driver/src/stm32f10x_dbgmcu.c
 
Building file: ../StdPeriph_Driver/src/stm32f10x_exti.c
Invoking: MCU GCC Compiler
/home/laseczka/workspace/dma/Debug
arm-none-eabi-gcc -mcpu=cortex-m3 -mthumb -mfloat-abi=soft -DSTM32 -DSTM32F1 -DSTM32F103RBTx -DNUCLEO_F103RB -DDEBUG -DSTM32F10X_MD -DUSE_STDPERIPH_DRIVER -I"/home/laseczka/workspace/dma/Utilities/STM32F1xx-Nucleo" -I"/home/laseczka/workspace/dma/StdPeriph_Driver/inc" -I"/home/laseczka/workspace/dma/inc" -I"/home/laseczka/workspace/dma/CMSIS/device" -I"/home/laseczka/workspace/dma/CMSIS/core" -O0 -g3 -Wall -fmessage-length=0 -ffunction-sections -c -MMD -MP -MF"StdPeriph_Driver/src/stm32f10x_exti.d" -MT"StdPeriph_Driver/src/stm32f10x_exti.o" -o "StdPeriph_Driver/src/stm32f10x_exti.o" "../StdPeriph_Driver/src/stm32f10x_exti.c"
Finished building: ../StdPeriph_Driver/src/stm32f10x_exti.c
 
Building file: ../StdPeriph_Driver/src/stm32f10x_flash.c
Invoking: MCU GCC Compiler
/home/laseczka/workspace/dma/Debug
arm-none-eabi-gcc -mcpu=cortex-m3 -mthumb -mfloat-abi=soft -DSTM32 -DSTM32F1 -DSTM32F103RBTx -DNUCLEO_F103RB -DDEBUG -DSTM32F10X_MD -DUSE_STDPERIPH_DRIVER -I"/home/laseczka/workspace/dma/Utilities/STM32F1xx-Nucleo" -I"/home/laseczka/workspace/dma/StdPeriph_Driver/inc" -I"/home/laseczka/workspace/dma/inc" -I"/home/laseczka/workspace/dma/CMSIS/device" -I"/home/laseczka/workspace/dma/CMSIS/core" -O0 -g3 -Wall -fmessage-length=0 -ffunction-sections -c -MMD -MP -MF"StdPeriph_Driver/src/stm32f10x_flash.d" -MT"StdPeriph_Driver/src/stm32f10x_flash.o" -o "StdPeriph_Driver/src/stm32f10x_flash.o" "../StdPeriph_Driver/src/stm32f10x_flash.c"
Finished building: ../StdPeriph_Driver/src/stm32f10x_dma.c
 
Building file: ../StdPeriph_Driver/src/stm32f10x_fsmc.c
Invoking: MCU GCC Compiler
/home/laseczka/workspace/dma/Debug
arm-none-eabi-gcc -mcpu=cortex-m3 -mthumb -mfloat-abi=soft -DSTM32 -DSTM32F1 -DSTM32F103RBTx -DNUCLEO_F103RB -DDEBUG -DSTM32F10X_MD -DUSE_STDPERIPH_DRIVER -I"/home/laseczka/workspace/dma/Utilities/STM32F1xx-Nucleo" -I"/home/laseczka/workspace/dma/StdPeriph_Driver/inc" -I"/home/laseczka/workspace/dma/inc" -I"/home/laseczka/workspace/dma/CMSIS/device" -I"/home/laseczka/workspace/dma/CMSIS/core" -O0 -g3 -Wall -fmessage-length=0 -ffunction-sections -c -MMD -MP -MF"StdPeriph_Driver/src/stm32f10x_fsmc.d" -MT"StdPeriph_Driver/src/stm32f10x_fsmc.o" -o "StdPeriph_Driver/src/stm32f10x_fsmc.o" "../StdPeriph_Driver/src/stm32f10x_fsmc.c"
Finished building: ../StdPeriph_Driver/src/stm32f10x_flash.c
 
Building file: ../StdPeriph_Driver/src/stm32f10x_gpio.c
Invoking: MCU GCC Compiler
/home/laseczka/workspace/dma/Debug
arm-none-eabi-gcc -mcpu=cortex-m3 -mthumb -mfloat-abi=soft -DSTM32 -DSTM32F1 -DSTM32F103RBTx -DNUCLEO_F103RB -DDEBUG -DSTM32F10X_MD -DUSE_STDPERIPH_DRIVER -I"/home/laseczka/workspace/dma/Utilities/STM32F1xx-Nucleo" -I"/home/laseczka/workspace/dma/StdPeriph_Driver/inc" -I"/home/laseczka/workspace/dma/inc" -I"/home/laseczka/workspace/dma/CMSIS/device" -I"/home/laseczka/workspace/dma/CMSIS/core" -O0 -g3 -Wall -fmessage-length=0 -ffunction-sections -c -MMD -MP -MF"StdPeriph_Driver/src/stm32f10x_gpio.d" -MT"StdPeriph_Driver/src/stm32f10x_gpio.o" -o "StdPeriph_Driver/src/stm32f10x_gpio.o" "../StdPeriph_Driver/src/stm32f10x_gpio.c"
Finished building: ../StdPeriph_Driver/src/stm32f10x_fsmc.c
 
Building file: ../StdPeriph_Driver/src/stm32f10x_i2c.c
Invoking: MCU GCC Compiler
/home/laseczka/workspace/dma/Debug
arm-none-eabi-gcc -mcpu=cortex-m3 -mthumb -mfloat-abi=soft -DSTM32 -DSTM32F1 -DSTM32F103RBTx -DNUCLEO_F103RB -DDEBUG -DSTM32F10X_MD -DUSE_STDPERIPH_DRIVER -I"/home/laseczka/workspace/dma/Utilities/STM32F1xx-Nucleo" -I"/home/laseczka/workspace/dma/StdPeriph_Driver/inc" -I"/home/laseczka/workspace/dma/inc" -I"/home/laseczka/workspace/dma/CMSIS/device" -I"/home/laseczka/workspace/dma/CMSIS/core" -O0 -g3 -Wall -fmessage-length=0 -ffunction-sections -c -MMD -MP -MF"StdPeriph_Driver/src/stm32f10x_i2c.d" -MT"StdPeriph_Driver/src/stm32f10x_i2c.o" -o "StdPeriph_Driver/src/stm32f10x_i2c.o" "../StdPeriph_Driver/src/stm32f10x_i2c.c"
Finished building: ../StdPeriph_Driver/src/stm32f10x_gpio.c
 
Building file: ../StdPeriph_Driver/src/stm32f10x_iwdg.c
Invoking: MCU GCC Compiler
/home/laseczka/workspace/dma/Debug
arm-none-eabi-gcc -mcpu=cortex-m3 -mthumb -mfloat-abi=soft -DSTM32 -DSTM32F1 -DSTM32F103RBTx -DNUCLEO_F103RB -DDEBUG -DSTM32F10X_MD -DUSE_STDPERIPH_DRIVER -I"/home/laseczka/workspace/dma/Utilities/STM32F1xx-Nucleo" -I"/home/laseczka/workspace/dma/StdPeriph_Driver/inc" -I"/home/laseczka/workspace/dma/inc" -I"/home/laseczka/workspace/dma/CMSIS/device" -I"/home/laseczka/workspace/dma/CMSIS/core" -O0 -g3 -Wall -fmessage-length=0 -ffunction-sections -c -MMD -MP -MF"StdPeriph_Driver/src/stm32f10x_iwdg.d" -MT"StdPeriph_Driver/src/stm32f10x_iwdg.o" -o "StdPeriph_Driver/src/stm32f10x_iwdg.o" "../StdPeriph_Driver/src/stm32f10x_iwdg.c"
Finished building: ../StdPeriph_Driver/src/stm32f10x_i2c.c
 
Building file: ../StdPeriph_Driver/src/stm32f10x_pwr.c
Invoking: MCU GCC Compiler
/home/laseczka/workspace/dma/Debug
arm-none-eabi-gcc -mcpu=cortex-m3 -mthumb -mfloat-abi=soft -DSTM32 -DSTM32F1 -DSTM32F103RBTx -DNUCLEO_F103RB -DDEBUG -DSTM32F10X_MD -DUSE_STDPERIPH_DRIVER -I"/home/laseczka/workspace/dma/Utilities/STM32F1xx-Nucleo" -I"/home/laseczka/workspace/dma/StdPeriph_Driver/inc" -I"/home/laseczka/workspace/dma/inc" -I"/home/laseczka/workspace/dma/CMSIS/device" -I"/home/laseczka/workspace/dma/CMSIS/core" -O0 -g3 -Wall -fmessage-length=0 -ffunction-sections -c -MMD -MP -MF"StdPeriph_Driver/src/stm32f10x_pwr.d" -MT"StdPeriph_Driver/src/stm32f10x_pwr.o" -o "StdPeriph_Driver/src/stm32f10x_pwr.o" "../StdPeriph_Driver/src/stm32f10x_pwr.c"
Finished building: ../StdPeriph_Driver/src/stm32f10x_iwdg.c
 
Building file: ../StdPeriph_Driver/src/stm32f10x_rcc.c
Invoking: MCU GCC Compiler
/home/laseczka/workspace/dma/Debug
arm-none-eabi-gcc -mcpu=cortex-m3 -mthumb -mfloat-abi=soft -DSTM32 -DSTM32F1 -DSTM32F103RBTx -DNUCLEO_F103RB -DDEBUG -DSTM32F10X_MD -DUSE_STDPERIPH_DRIVER -I"/home/laseczka/workspace/dma/Utilities/STM32F1xx-Nucleo" -I"/home/laseczka/workspace/dma/StdPeriph_Driver/inc" -I"/home/laseczka/workspace/dma/inc" -I"/home/laseczka/workspace/dma/CMSIS/device" -I"/home/laseczka/workspace/dma/CMSIS/core" -O0 -g3 -Wall -fmessage-length=0 -ffunction-sections -c -MMD -MP -MF"StdPeriph_Driver/src/stm32f10x_rcc.d" -MT"StdPeriph_Driver/src/stm32f10x_rcc.o" -o "StdPeriph_Driver/src/stm32f10x_rcc.o" "../StdPeriph_Driver/src/stm32f10x_rcc.c"
Finished building: ../StdPeriph_Driver/src/stm32f10x_pwr.c
 
Building file: ../StdPeriph_Driver/src/stm32f10x_rtc.c
Invoking: MCU GCC Compiler
/home/laseczka/workspace/dma/Debug
arm-none-eabi-gcc -mcpu=cortex-m3 -mthumb -mfloat-abi=soft -DSTM32 -DSTM32F1 -DSTM32F103RBTx -DNUCLEO_F103RB -DDEBUG -DSTM32F10X_MD -DUSE_STDPERIPH_DRIVER -I"/home/laseczka/workspace/dma/Utilities/STM32F1xx-Nucleo" -I"/home/laseczka/workspace/dma/StdPeriph_Driver/inc" -I"/home/laseczka/workspace/dma/inc" -I"/home/laseczka/workspace/dma/CMSIS/device" -I"/home/laseczka/workspace/dma/CMSIS/core" -O0 -g3 -Wall -fmessage-length=0 -ffunction-sections -c -MMD -MP -MF"StdPeriph_Driver/src/stm32f10x_rtc.d" -MT"StdPeriph_Driver/src/stm32f10x_rtc.o" -o "StdPeriph_Driver/src/stm32f10x_rtc.o" "../StdPeriph_Driver/src/stm32f10x_rtc.c"
Finished building: ../StdPeriph_Driver/src/stm32f10x_rcc.c
 
Building file: ../StdPeriph_Driver/src/stm32f10x_sdio.c
Invoking: MCU GCC Compiler
/home/laseczka/workspace/dma/Debug
arm-none-eabi-gcc -mcpu=cortex-m3 -mthumb -mfloat-abi=soft -DSTM32 -DSTM32F1 -DSTM32F103RBTx -DNUCLEO_F103RB -DDEBUG -DSTM32F10X_MD -DUSE_STDPERIPH_DRIVER -I"/home/laseczka/workspace/dma/Utilities/STM32F1xx-Nucleo" -I"/home/laseczka/workspace/dma/StdPeriph_Driver/inc" -I"/home/laseczka/workspace/dma/inc" -I"/home/laseczka/workspace/dma/CMSIS/device" -I"/home/laseczka/workspace/dma/CMSIS/core" -O0 -g3 -Wall -fmessage-length=0 -ffunction-sections -c -MMD -MP -MF"StdPeriph_Driver/src/stm32f10x_sdio.d" -MT"StdPeriph_Driver/src/stm32f10x_sdio.o" -o "StdPeriph_Driver/src/stm32f10x_sdio.o" "../StdPeriph_Driver/src/stm32f10x_sdio.c"
Finished building: ../StdPeriph_Driver/src/stm32f10x_rtc.c
 
Building file: ../StdPeriph_Driver/src/stm32f10x_spi.c
Invoking: MCU GCC Compiler
/home/laseczka/workspace/dma/Debug
arm-none-eabi-gcc -mcpu=cortex-m3 -mthumb -mfloat-abi=soft -DSTM32 -DSTM32F1 -DSTM32F103RBTx -DNUCLEO_F103RB -DDEBUG -DSTM32F10X_MD -DUSE_STDPERIPH_DRIVER -I"/home/laseczka/workspace/dma/Utilities/STM32F1xx-Nucleo" -I"/home/laseczka/workspace/dma/StdPeriph_Driver/inc" -I"/home/laseczka/workspace/dma/inc" -I"/home/laseczka/workspace/dma/CMSIS/device" -I"/home/laseczka/workspace/dma/CMSIS/core" -O0 -g3 -Wall -fmessage-length=0 -ffunction-sections -c -MMD -MP -MF"StdPeriph_Driver/src/stm32f10x_spi.d" -MT"StdPeriph_Driver/src/stm32f10x_spi.o" -o "StdPeriph_Driver/src/stm32f10x_spi.o" "../StdPeriph_Driver/src/stm32f10x_spi.c"
Finished building: ../StdPeriph_Driver/src/stm32f10x_sdio.c
 
Building file: ../StdPeriph_Driver/src/stm32f10x_tim.c
Invoking: MCU GCC Compiler
/home/laseczka/workspace/dma/Debug
arm-none-eabi-gcc -mcpu=cortex-m3 -mthumb -mfloat-abi=soft -DSTM32 -DSTM32F1 -DSTM32F103RBTx -DNUCLEO_F103RB -DDEBUG -DSTM32F10X_MD -DUSE_STDPERIPH_DRIVER -I"/home/laseczka/workspace/dma/Utilities/STM32F1xx-Nucleo" -I"/home/laseczka/workspace/dma/StdPeriph_Driver/inc" -I"/home/laseczka/workspace/dma/inc" -I"/home/laseczka/workspace/dma/CMSIS/device" -I"/home/laseczka/workspace/dma/CMSIS/core" -O0 -g3 -Wall -fmessage-length=0 -ffunction-sections -c -MMD -MP -MF"StdPeriph_Driver/src/stm32f10x_tim.d" -MT"StdPeriph_Driver/src/stm32f10x_tim.o" -o "StdPeriph_Driver/src/stm32f10x_tim.o" "../StdPeriph_Driver/src/stm32f10x_tim.c"
Finished building: ../StdPeriph_Driver/src/stm32f10x_spi.c
 
Building file: ../StdPeriph_Driver/src/stm32f10x_usart.c
Invoking: MCU GCC Compiler
/home/laseczka/workspace/dma/Debug
arm-none-eabi-gcc -mcpu=cortex-m3 -mthumb -mfloat-abi=soft -DSTM32 -DSTM32F1 -DSTM32F103RBTx -DNUCLEO_F103RB -DDEBUG -DSTM32F10X_MD -DUSE_STDPERIPH_DRIVER -I"/home/laseczka/workspace/dma/Utilities/STM32F1xx-Nucleo" -I"/home/laseczka/workspace/dma/StdPeriph_Driver/inc" -I"/home/laseczka/workspace/dma/inc" -I"/home/laseczka/workspace/dma/CMSIS/device" -I"/home/laseczka/workspace/dma/CMSIS/core" -O0 -g3 -Wall -fmessage-length=0 -ffunction-sections -c -MMD -MP -MF"StdPeriph_Driver/src/stm32f10x_usart.d" -MT"StdPeriph_Driver/src/stm32f10x_usart.o" -o "StdPeriph_Driver/src/stm32f10x_usart.o" "../StdPeriph_Driver/src/stm32f10x_usart.c"
Finished building: ../StdPeriph_Driver/src/stm32f10x_usart.c
 
Building file: ../StdPeriph_Driver/src/stm32f10x_wwdg.c
Invoking: MCU GCC Compiler
/home/laseczka/workspace/dma/Debug
arm-none-eabi-gcc -mcpu=cortex-m3 -mthumb -mfloat-abi=soft -DSTM32 -DSTM32F1 -DSTM32F103RBTx -DNUCLEO_F103RB -DDEBUG -DSTM32F10X_MD -DUSE_STDPERIPH_DRIVER -I"/home/laseczka/workspace/dma/Utilities/STM32F1xx-Nucleo" -I"/home/laseczka/workspace/dma/StdPeriph_Driver/inc" -I"/home/laseczka/workspace/dma/inc" -I"/home/laseczka/workspace/dma/CMSIS/device" -I"/home/laseczka/workspace/dma/CMSIS/core" -O0 -g3 -Wall -fmessage-length=0 -ffunction-sections -c -MMD -MP -MF"StdPeriph_Driver/src/stm32f10x_wwdg.d" -MT"StdPeriph_Driver/src/stm32f10x_wwdg.o" -o "StdPeriph_Driver/src/stm32f10x_wwdg.o" "../StdPeriph_Driver/src/stm32f10x_wwdg.c"
Finished building: ../StdPeriph_Driver/src/stm32f10x_tim.c
 
Finished building: ../StdPeriph_Driver/src/stm32f10x_wwdg.c
 
Building target: dma.elf
Invoking: MCU GCC Linker
arm-none-eabi-gcc -mcpu=cortex-m3 -mthumb -mfloat-abi=soft -T"/home/laseczka/workspace/dma/LinkerScript.ld" -Wl,-Map=output.map -Wl,--gc-sections -o "dma.elf" @"objects.list"   -lm
Finished building target: dma.elf
 
make --no-print-directory post-build
Generating binary and Printing size information:
arm-none-eabi-objcopy -O binary "dma.elf" "dma.bin"
arm-none-eabi-size "dma.elf"
   text	   data	    bss	    dec	    hex	filename
   1088	   1080	    324	   2492	    9bc	dma.elf
 
13:24:05 **** Incremental Build of configuration Debug for project dma ****
make -j2 all 
Building file: ../src/main.c
Invoking: MCU GCC Compiler
/home/laseczka/workspace/dma/Debug
arm-none-eabi-gcc -mcpu=cortex-m3 -mthumb -mfloat-abi=soft -DSTM32 -DSTM32F1 -DSTM32F103RBTx -DNUCLEO_F103RB -DDEBUG -DSTM32F10X_MD -DUSE_STDPERIPH_DRIVER -I"/home/laseczka/workspace/dma/Utilities/STM32F1xx-Nucleo" -I"/home/laseczka/workspace/dma/StdPeriph_Driver/inc" -I"/home/laseczka/workspace/dma/inc" -I"/home/laseczka/workspace/dma/CMSIS/device" -I"/home/laseczka/workspace/dma/CMSIS/core" -O0 -g3 -Wall -fmessage-length=0 -ffunction-sections -c -MMD -MP -MF"src/main.d" -MT"src/main.o" -o "src/main.o" "../src/main.c"
Finished building: ../src/main.c
 
Building target: dma.elf
Invoking: MCU GCC Linker
arm-none-eabi-gcc -mcpu=cortex-m3 -mthumb -mfloat-abi=soft -T"/home/laseczka/workspace/dma/LinkerScript.ld" -Wl,-Map=output.map -Wl,--gc-sections -o "dma.elf" @"objects.list"   -lm
Finished building target: dma.elf
 
make --no-print-directory post-build
Generating binary and Printing size information:
arm-none-eabi-objcopy -O binary "dma.elf" "dma.bin"
arm-none-eabi-size "dma.elf"
   text	   data	    bss	    dec	    hex	filename
  27708	   2532	   8584	  38824	   97a8	dma.elf
 
13:25:01 **** Incremental Build of configuration Debug for project dma ****
make -j2 all 
make: Nie ma nic do zrobienia w 'all'.
13:25:41 **** Incremental Build of configuration Debug for project dma ****
make -j2 all 
make: Nie ma nic do zrobienia w 'all'.
13:41:46 **** Build of configuration Debug for project pwm ****
make -j2 all 
Building file: ../startup/startup_stm32f10x_md.S
Building file: ../src/main.c
Invoking: MCU GCC Compiler
/home/laseczka/workspace/pwm/Debug
arm-none-eabi-gcc -mcpu=cortex-m3 -mthumb -mfloat-abi=soft -DSTM32 -DSTM32F1 -DSTM32F103RBTx -DNUCLEO_F103RB -DDEBUG -DSTM32F10X_MD -DUSE_STDPERIPH_DRIVER -I"/home/laseczka/workspace/pwm/Utilities/STM32F1xx-Nucleo" -I"/home/laseczka/workspace/pwm/StdPeriph_Driver/inc" -I"/home/laseczka/workspace/pwm/inc" -I"/home/laseczka/workspace/pwm/CMSIS/device" -I"/home/laseczka/workspace/pwm/CMSIS/core" -O0 -g3 -Wall -fmessage-length=0 -ffunction-sections -c -MMD -MP -MF"src/main.d" -MT"src/main.o" -o "src/main.o" "../src/main.c"
Invoking: MCU GCC Compiler
/home/laseczka/workspace/pwm/Debug
arm-none-eabi-gcc -mcpu=cortex-m3 -mthumb -mfloat-abi=soft -DSTM32 -DSTM32F1 -DSTM32F103RBTx -DNUCLEO_F103RB -DDEBUG -DSTM32F10X_MD -DUSE_STDPERIPH_DRIVER -I"/home/laseczka/workspace/pwm/Utilities/STM32F1xx-Nucleo" -I"/home/laseczka/workspace/pwm/StdPeriph_Driver/inc" -I"/home/laseczka/workspace/pwm/inc" -I"/home/laseczka/workspace/pwm/CMSIS/device" -I"/home/laseczka/workspace/pwm/CMSIS/core" -O0 -g3 -Wall -fmessage-length=0 -ffunction-sections -c -MMD -MP -MF"startup/startup_stm32f10x_md.d" -MT"startup/startup_stm32f10x_md.o" -o "startup/startup_stm32f10x_md.o" "../startup/startup_stm32f10x_md.S"
Finished building: ../startup/startup_stm32f10x_md.S
 
Building file: ../src/syscalls.c
Invoking: MCU GCC Compiler
/home/laseczka/workspace/pwm/Debug
arm-none-eabi-gcc -mcpu=cortex-m3 -mthumb -mfloat-abi=soft -DSTM32 -DSTM32F1 -DSTM32F103RBTx -DNUCLEO_F103RB -DDEBUG -DSTM32F10X_MD -DUSE_STDPERIPH_DRIVER -I"/home/laseczka/workspace/pwm/Utilities/STM32F1xx-Nucleo" -I"/home/laseczka/workspace/pwm/StdPeriph_Driver/inc" -I"/home/laseczka/workspace/pwm/inc" -I"/home/laseczka/workspace/pwm/CMSIS/device" -I"/home/laseczka/workspace/pwm/CMSIS/core" -O0 -g3 -Wall -fmessage-length=0 -ffunction-sections -c -MMD -MP -MF"src/syscalls.d" -MT"src/syscalls.o" -o "src/syscalls.o" "../src/syscalls.c"
Finished building: ../src/main.c
 
Finished building: ../src/syscalls.c
Building file: ../src/system_stm32f10x.c
 
Invoking: MCU GCC Compiler
Building file: ../Utilities/STM32F1xx-Nucleo/stm32f1xx_nucleo.c
/home/laseczka/workspace/pwm/Debug
arm-none-eabi-gcc -mcpu=cortex-m3 -mthumb -mfloat-abi=soft -DSTM32 -DSTM32F1 -DSTM32F103RBTx -DNUCLEO_F103RB -DDEBUG -DSTM32F10X_MD -DUSE_STDPERIPH_DRIVER -I"/home/laseczka/workspace/pwm/Utilities/STM32F1xx-Nucleo" -I"/home/laseczka/workspace/pwm/StdPeriph_Driver/inc" -I"/home/laseczka/workspace/pwm/inc" -I"/home/laseczka/workspace/pwm/CMSIS/device" -I"/home/laseczka/workspace/pwm/CMSIS/core" -O0 -g3 -Wall -fmessage-length=0 -ffunction-sections -c -MMD -MP -MF"src/system_stm32f10x.d" -MT"src/system_stm32f10x.o" -o "src/system_stm32f10x.o" "../src/system_stm32f10x.c"
Invoking: MCU GCC Compiler
/home/laseczka/workspace/pwm/Debug
arm-none-eabi-gcc -mcpu=cortex-m3 -mthumb -mfloat-abi=soft -DSTM32 -DSTM32F1 -DSTM32F103RBTx -DNUCLEO_F103RB -DDEBUG -DSTM32F10X_MD -DUSE_STDPERIPH_DRIVER -I"/home/laseczka/workspace/pwm/Utilities/STM32F1xx-Nucleo" -I"/home/laseczka/workspace/pwm/StdPeriph_Driver/inc" -I"/home/laseczka/workspace/pwm/inc" -I"/home/laseczka/workspace/pwm/CMSIS/device" -I"/home/laseczka/workspace/pwm/CMSIS/core" -O0 -g3 -Wall -fmessage-length=0 -ffunction-sections -c -MMD -MP -MF"Utilities/STM32F1xx-Nucleo/stm32f1xx_nucleo.d" -MT"Utilities/STM32F1xx-Nucleo/stm32f1xx_nucleo.o" -o "Utilities/STM32F1xx-Nucleo/stm32f1xx_nucleo.o" "../Utilities/STM32F1xx-Nucleo/stm32f1xx_nucleo.c"
../src/system_stm32f10x.c: In function 'SetSysClock':
../src/system_stm32f10x.c:284:37: warning: unused variable 'HSEStatus' [-Wunused-variable]
   __IO uint32_t StartUpCounter = 0, HSEStatus = 0;
                                     ^~~~~~~~~
../src/system_stm32f10x.c:284:17: warning: unused variable 'StartUpCounter' [-Wunused-variable]
   __IO uint32_t StartUpCounter = 0, HSEStatus = 0;
                 ^~~~~~~~~~~~~~
Finished building: ../src/system_stm32f10x.c
 
Building file: ../StdPeriph_Driver/src/misc.c
Invoking: MCU GCC Compiler
/home/laseczka/workspace/pwm/Debug
arm-none-eabi-gcc -mcpu=cortex-m3 -mthumb -mfloat-abi=soft -DSTM32 -DSTM32F1 -DSTM32F103RBTx -DNUCLEO_F103RB -DDEBUG -DSTM32F10X_MD -DUSE_STDPERIPH_DRIVER -I"/home/laseczka/workspace/pwm/Utilities/STM32F1xx-Nucleo" -I"/home/laseczka/workspace/pwm/StdPeriph_Driver/inc" -I"/home/laseczka/workspace/pwm/inc" -I"/home/laseczka/workspace/pwm/CMSIS/device" -I"/home/laseczka/workspace/pwm/CMSIS/core" -O0 -g3 -Wall -fmessage-length=0 -ffunction-sections -c -MMD -MP -MF"StdPeriph_Driver/src/misc.d" -MT"StdPeriph_Driver/src/misc.o" -o "StdPeriph_Driver/src/misc.o" "../StdPeriph_Driver/src/misc.c"
Finished building: ../Utilities/STM32F1xx-Nucleo/stm32f1xx_nucleo.c
 
Building file: ../StdPeriph_Driver/src/stm32f10x_adc.c
Invoking: MCU GCC Compiler
/home/laseczka/workspace/pwm/Debug
arm-none-eabi-gcc -mcpu=cortex-m3 -mthumb -mfloat-abi=soft -DSTM32 -DSTM32F1 -DSTM32F103RBTx -DNUCLEO_F103RB -DDEBUG -DSTM32F10X_MD -DUSE_STDPERIPH_DRIVER -I"/home/laseczka/workspace/pwm/Utilities/STM32F1xx-Nucleo" -I"/home/laseczka/workspace/pwm/StdPeriph_Driver/inc" -I"/home/laseczka/workspace/pwm/inc" -I"/home/laseczka/workspace/pwm/CMSIS/device" -I"/home/laseczka/workspace/pwm/CMSIS/core" -O0 -g3 -Wall -fmessage-length=0 -ffunction-sections -c -MMD -MP -MF"StdPeriph_Driver/src/stm32f10x_adc.d" -MT"StdPeriph_Driver/src/stm32f10x_adc.o" -o "StdPeriph_Driver/src/stm32f10x_adc.o" "../StdPeriph_Driver/src/stm32f10x_adc.c"
Finished building: ../StdPeriph_Driver/src/misc.c
 
Building file: ../StdPeriph_Driver/src/stm32f10x_bkp.c
Invoking: MCU GCC Compiler
/home/laseczka/workspace/pwm/Debug
arm-none-eabi-gcc -mcpu=cortex-m3 -mthumb -mfloat-abi=soft -DSTM32 -DSTM32F1 -DSTM32F103RBTx -DNUCLEO_F103RB -DDEBUG -DSTM32F10X_MD -DUSE_STDPERIPH_DRIVER -I"/home/laseczka/workspace/pwm/Utilities/STM32F1xx-Nucleo" -I"/home/laseczka/workspace/pwm/StdPeriph_Driver/inc" -I"/home/laseczka/workspace/pwm/inc" -I"/home/laseczka/workspace/pwm/CMSIS/device" -I"/home/laseczka/workspace/pwm/CMSIS/core" -O0 -g3 -Wall -fmessage-length=0 -ffunction-sections -c -MMD -MP -MF"StdPeriph_Driver/src/stm32f10x_bkp.d" -MT"StdPeriph_Driver/src/stm32f10x_bkp.o" -o "StdPeriph_Driver/src/stm32f10x_bkp.o" "../StdPeriph_Driver/src/stm32f10x_bkp.c"
Finished building: ../StdPeriph_Driver/src/stm32f10x_adc.c
 
Building file: ../StdPeriph_Driver/src/stm32f10x_can.c
Invoking: MCU GCC Compiler
/home/laseczka/workspace/pwm/Debug
arm-none-eabi-gcc -mcpu=cortex-m3 -mthumb -mfloat-abi=soft -DSTM32 -DSTM32F1 -DSTM32F103RBTx -DNUCLEO_F103RB -DDEBUG -DSTM32F10X_MD -DUSE_STDPERIPH_DRIVER -I"/home/laseczka/workspace/pwm/Utilities/STM32F1xx-Nucleo" -I"/home/laseczka/workspace/pwm/StdPeriph_Driver/inc" -I"/home/laseczka/workspace/pwm/inc" -I"/home/laseczka/workspace/pwm/CMSIS/device" -I"/home/laseczka/workspace/pwm/CMSIS/core" -O0 -g3 -Wall -fmessage-length=0 -ffunction-sections -c -MMD -MP -MF"StdPeriph_Driver/src/stm32f10x_can.d" -MT"StdPeriph_Driver/src/stm32f10x_can.o" -o "StdPeriph_Driver/src/stm32f10x_can.o" "../StdPeriph_Driver/src/stm32f10x_can.c"
Finished building: ../StdPeriph_Driver/src/stm32f10x_bkp.c
 
Building file: ../StdPeriph_Driver/src/stm32f10x_cec.c
Invoking: MCU GCC Compiler
/home/laseczka/workspace/pwm/Debug
arm-none-eabi-gcc -mcpu=cortex-m3 -mthumb -mfloat-abi=soft -DSTM32 -DSTM32F1 -DSTM32F103RBTx -DNUCLEO_F103RB -DDEBUG -DSTM32F10X_MD -DUSE_STDPERIPH_DRIVER -I"/home/laseczka/workspace/pwm/Utilities/STM32F1xx-Nucleo" -I"/home/laseczka/workspace/pwm/StdPeriph_Driver/inc" -I"/home/laseczka/workspace/pwm/inc" -I"/home/laseczka/workspace/pwm/CMSIS/device" -I"/home/laseczka/workspace/pwm/CMSIS/core" -O0 -g3 -Wall -fmessage-length=0 -ffunction-sections -c -MMD -MP -MF"StdPeriph_Driver/src/stm32f10x_cec.d" -MT"StdPeriph_Driver/src/stm32f10x_cec.o" -o "StdPeriph_Driver/src/stm32f10x_cec.o" "../StdPeriph_Driver/src/stm32f10x_cec.c"
Finished building: ../StdPeriph_Driver/src/stm32f10x_can.c
 
Building file: ../StdPeriph_Driver/src/stm32f10x_crc.c
Invoking: MCU GCC Compiler
/home/laseczka/workspace/pwm/Debug
arm-none-eabi-gcc -mcpu=cortex-m3 -mthumb -mfloat-abi=soft -DSTM32 -DSTM32F1 -DSTM32F103RBTx -DNUCLEO_F103RB -DDEBUG -DSTM32F10X_MD -DUSE_STDPERIPH_DRIVER -I"/home/laseczka/workspace/pwm/Utilities/STM32F1xx-Nucleo" -I"/home/laseczka/workspace/pwm/StdPeriph_Driver/inc" -I"/home/laseczka/workspace/pwm/inc" -I"/home/laseczka/workspace/pwm/CMSIS/device" -I"/home/laseczka/workspace/pwm/CMSIS/core" -O0 -g3 -Wall -fmessage-length=0 -ffunction-sections -c -MMD -MP -MF"StdPeriph_Driver/src/stm32f10x_crc.d" -MT"StdPeriph_Driver/src/stm32f10x_crc.o" -o "StdPeriph_Driver/src/stm32f10x_crc.o" "../StdPeriph_Driver/src/stm32f10x_crc.c"
Finished building: ../StdPeriph_Driver/src/stm32f10x_cec.c
 
Building file: ../StdPeriph_Driver/src/stm32f10x_dac.c
Invoking: MCU GCC Compiler
/home/laseczka/workspace/pwm/Debug
arm-none-eabi-gcc -mcpu=cortex-m3 -mthumb -mfloat-abi=soft -DSTM32 -DSTM32F1 -DSTM32F103RBTx -DNUCLEO_F103RB -DDEBUG -DSTM32F10X_MD -DUSE_STDPERIPH_DRIVER -I"/home/laseczka/workspace/pwm/Utilities/STM32F1xx-Nucleo" -I"/home/laseczka/workspace/pwm/StdPeriph_Driver/inc" -I"/home/laseczka/workspace/pwm/inc" -I"/home/laseczka/workspace/pwm/CMSIS/device" -I"/home/laseczka/workspace/pwm/CMSIS/core" -O0 -g3 -Wall -fmessage-length=0 -ffunction-sections -c -MMD -MP -MF"StdPeriph_Driver/src/stm32f10x_dac.d" -MT"StdPeriph_Driver/src/stm32f10x_dac.o" -o "StdPeriph_Driver/src/stm32f10x_dac.o" "../StdPeriph_Driver/src/stm32f10x_dac.c"
Finished building: ../StdPeriph_Driver/src/stm32f10x_crc.c
 
Building file: ../StdPeriph_Driver/src/stm32f10x_dbgmcu.c
Invoking: MCU GCC Compiler
/home/laseczka/workspace/pwm/Debug
arm-none-eabi-gcc -mcpu=cortex-m3 -mthumb -mfloat-abi=soft -DSTM32 -DSTM32F1 -DSTM32F103RBTx -DNUCLEO_F103RB -DDEBUG -DSTM32F10X_MD -DUSE_STDPERIPH_DRIVER -I"/home/laseczka/workspace/pwm/Utilities/STM32F1xx-Nucleo" -I"/home/laseczka/workspace/pwm/StdPeriph_Driver/inc" -I"/home/laseczka/workspace/pwm/inc" -I"/home/laseczka/workspace/pwm/CMSIS/device" -I"/home/laseczka/workspace/pwm/CMSIS/core" -O0 -g3 -Wall -fmessage-length=0 -ffunction-sections -c -MMD -MP -MF"StdPeriph_Driver/src/stm32f10x_dbgmcu.d" -MT"StdPeriph_Driver/src/stm32f10x_dbgmcu.o" -o "StdPeriph_Driver/src/stm32f10x_dbgmcu.o" "../StdPeriph_Driver/src/stm32f10x_dbgmcu.c"
Finished building: ../StdPeriph_Driver/src/stm32f10x_dac.c
 
Building file: ../StdPeriph_Driver/src/stm32f10x_dma.c
Invoking: MCU GCC Compiler
/home/laseczka/workspace/pwm/Debug
arm-none-eabi-gcc -mcpu=cortex-m3 -mthumb -mfloat-abi=soft -DSTM32 -DSTM32F1 -DSTM32F103RBTx -DNUCLEO_F103RB -DDEBUG -DSTM32F10X_MD -DUSE_STDPERIPH_DRIVER -I"/home/laseczka/workspace/pwm/Utilities/STM32F1xx-Nucleo" -I"/home/laseczka/workspace/pwm/StdPeriph_Driver/inc" -I"/home/laseczka/workspace/pwm/inc" -I"/home/laseczka/workspace/pwm/CMSIS/device" -I"/home/laseczka/workspace/pwm/CMSIS/core" -O0 -g3 -Wall -fmessage-length=0 -ffunction-sections -c -MMD -MP -MF"StdPeriph_Driver/src/stm32f10x_dma.d" -MT"StdPeriph_Driver/src/stm32f10x_dma.o" -o "StdPeriph_Driver/src/stm32f10x_dma.o" "../StdPeriph_Driver/src/stm32f10x_dma.c"
Finished building: ../StdPeriph_Driver/src/stm32f10x_dbgmcu.c
 
Building file: ../StdPeriph_Driver/src/stm32f10x_exti.c
Invoking: MCU GCC Compiler
/home/laseczka/workspace/pwm/Debug
arm-none-eabi-gcc -mcpu=cortex-m3 -mthumb -mfloat-abi=soft -DSTM32 -DSTM32F1 -DSTM32F103RBTx -DNUCLEO_F103RB -DDEBUG -DSTM32F10X_MD -DUSE_STDPERIPH_DRIVER -I"/home/laseczka/workspace/pwm/Utilities/STM32F1xx-Nucleo" -I"/home/laseczka/workspace/pwm/StdPeriph_Driver/inc" -I"/home/laseczka/workspace/pwm/inc" -I"/home/laseczka/workspace/pwm/CMSIS/device" -I"/home/laseczka/workspace/pwm/CMSIS/core" -O0 -g3 -Wall -fmessage-length=0 -ffunction-sections -c -MMD -MP -MF"StdPeriph_Driver/src/stm32f10x_exti.d" -MT"StdPeriph_Driver/src/stm32f10x_exti.o" -o "StdPeriph_Driver/src/stm32f10x_exti.o" "../StdPeriph_Driver/src/stm32f10x_exti.c"
Finished building: ../StdPeriph_Driver/src/stm32f10x_dma.c
 
Building file: ../StdPeriph_Driver/src/stm32f10x_flash.c
Invoking: MCU GCC Compiler
/home/laseczka/workspace/pwm/Debug
arm-none-eabi-gcc -mcpu=cortex-m3 -mthumb -mfloat-abi=soft -DSTM32 -DSTM32F1 -DSTM32F103RBTx -DNUCLEO_F103RB -DDEBUG -DSTM32F10X_MD -DUSE_STDPERIPH_DRIVER -I"/home/laseczka/workspace/pwm/Utilities/STM32F1xx-Nucleo" -I"/home/laseczka/workspace/pwm/StdPeriph_Driver/inc" -I"/home/laseczka/workspace/pwm/inc" -I"/home/laseczka/workspace/pwm/CMSIS/device" -I"/home/laseczka/workspace/pwm/CMSIS/core" -O0 -g3 -Wall -fmessage-length=0 -ffunction-sections -c -MMD -MP -MF"StdPeriph_Driver/src/stm32f10x_flash.d" -MT"StdPeriph_Driver/src/stm32f10x_flash.o" -o "StdPeriph_Driver/src/stm32f10x_flash.o" "../StdPeriph_Driver/src/stm32f10x_flash.c"
Finished building: ../StdPeriph_Driver/src/stm32f10x_exti.c
 
Building file: ../StdPeriph_Driver/src/stm32f10x_fsmc.c
Invoking: MCU GCC Compiler
/home/laseczka/workspace/pwm/Debug
arm-none-eabi-gcc -mcpu=cortex-m3 -mthumb -mfloat-abi=soft -DSTM32 -DSTM32F1 -DSTM32F103RBTx -DNUCLEO_F103RB -DDEBUG -DSTM32F10X_MD -DUSE_STDPERIPH_DRIVER -I"/home/laseczka/workspace/pwm/Utilities/STM32F1xx-Nucleo" -I"/home/laseczka/workspace/pwm/StdPeriph_Driver/inc" -I"/home/laseczka/workspace/pwm/inc" -I"/home/laseczka/workspace/pwm/CMSIS/device" -I"/home/laseczka/workspace/pwm/CMSIS/core" -O0 -g3 -Wall -fmessage-length=0 -ffunction-sections -c -MMD -MP -MF"StdPeriph_Driver/src/stm32f10x_fsmc.d" -MT"StdPeriph_Driver/src/stm32f10x_fsmc.o" -o "StdPeriph_Driver/src/stm32f10x_fsmc.o" "../StdPeriph_Driver/src/stm32f10x_fsmc.c"
Finished building: ../StdPeriph_Driver/src/stm32f10x_flash.c
 
Building file: ../StdPeriph_Driver/src/stm32f10x_gpio.c
Invoking: MCU GCC Compiler
/home/laseczka/workspace/pwm/Debug
arm-none-eabi-gcc -mcpu=cortex-m3 -mthumb -mfloat-abi=soft -DSTM32 -DSTM32F1 -DSTM32F103RBTx -DNUCLEO_F103RB -DDEBUG -DSTM32F10X_MD -DUSE_STDPERIPH_DRIVER -I"/home/laseczka/workspace/pwm/Utilities/STM32F1xx-Nucleo" -I"/home/laseczka/workspace/pwm/StdPeriph_Driver/inc" -I"/home/laseczka/workspace/pwm/inc" -I"/home/laseczka/workspace/pwm/CMSIS/device" -I"/home/laseczka/workspace/pwm/CMSIS/core" -O0 -g3 -Wall -fmessage-length=0 -ffunction-sections -c -MMD -MP -MF"StdPeriph_Driver/src/stm32f10x_gpio.d" -MT"StdPeriph_Driver/src/stm32f10x_gpio.o" -o "StdPeriph_Driver/src/stm32f10x_gpio.o" "../StdPeriph_Driver/src/stm32f10x_gpio.c"
Finished building: ../StdPeriph_Driver/src/stm32f10x_fsmc.c
 
Building file: ../StdPeriph_Driver/src/stm32f10x_i2c.c
Invoking: MCU GCC Compiler
/home/laseczka/workspace/pwm/Debug
arm-none-eabi-gcc -mcpu=cortex-m3 -mthumb -mfloat-abi=soft -DSTM32 -DSTM32F1 -DSTM32F103RBTx -DNUCLEO_F103RB -DDEBUG -DSTM32F10X_MD -DUSE_STDPERIPH_DRIVER -I"/home/laseczka/workspace/pwm/Utilities/STM32F1xx-Nucleo" -I"/home/laseczka/workspace/pwm/StdPeriph_Driver/inc" -I"/home/laseczka/workspace/pwm/inc" -I"/home/laseczka/workspace/pwm/CMSIS/device" -I"/home/laseczka/workspace/pwm/CMSIS/core" -O0 -g3 -Wall -fmessage-length=0 -ffunction-sections -c -MMD -MP -MF"StdPeriph_Driver/src/stm32f10x_i2c.d" -MT"StdPeriph_Driver/src/stm32f10x_i2c.o" -o "StdPeriph_Driver/src/stm32f10x_i2c.o" "../StdPeriph_Driver/src/stm32f10x_i2c.c"
Finished building: ../StdPeriph_Driver/src/stm32f10x_gpio.c
 
Building file: ../StdPeriph_Driver/src/stm32f10x_iwdg.c
Invoking: MCU GCC Compiler
/home/laseczka/workspace/pwm/Debug
arm-none-eabi-gcc -mcpu=cortex-m3 -mthumb -mfloat-abi=soft -DSTM32 -DSTM32F1 -DSTM32F103RBTx -DNUCLEO_F103RB -DDEBUG -DSTM32F10X_MD -DUSE_STDPERIPH_DRIVER -I"/home/laseczka/workspace/pwm/Utilities/STM32F1xx-Nucleo" -I"/home/laseczka/workspace/pwm/StdPeriph_Driver/inc" -I"/home/laseczka/workspace/pwm/inc" -I"/home/laseczka/workspace/pwm/CMSIS/device" -I"/home/laseczka/workspace/pwm/CMSIS/core" -O0 -g3 -Wall -fmessage-length=0 -ffunction-sections -c -MMD -MP -MF"StdPeriph_Driver/src/stm32f10x_iwdg.d" -MT"StdPeriph_Driver/src/stm32f10x_iwdg.o" -o "StdPeriph_Driver/src/stm32f10x_iwdg.o" "../StdPeriph_Driver/src/stm32f10x_iwdg.c"
Finished building: ../StdPeriph_Driver/src/stm32f10x_i2c.c
 
Building file: ../StdPeriph_Driver/src/stm32f10x_pwr.c
Invoking: MCU GCC Compiler
/home/laseczka/workspace/pwm/Debug
arm-none-eabi-gcc -mcpu=cortex-m3 -mthumb -mfloat-abi=soft -DSTM32 -DSTM32F1 -DSTM32F103RBTx -DNUCLEO_F103RB -DDEBUG -DSTM32F10X_MD -DUSE_STDPERIPH_DRIVER -I"/home/laseczka/workspace/pwm/Utilities/STM32F1xx-Nucleo" -I"/home/laseczka/workspace/pwm/StdPeriph_Driver/inc" -I"/home/laseczka/workspace/pwm/inc" -I"/home/laseczka/workspace/pwm/CMSIS/device" -I"/home/laseczka/workspace/pwm/CMSIS/core" -O0 -g3 -Wall -fmessage-length=0 -ffunction-sections -c -MMD -MP -MF"StdPeriph_Driver/src/stm32f10x_pwr.d" -MT"StdPeriph_Driver/src/stm32f10x_pwr.o" -o "StdPeriph_Driver/src/stm32f10x_pwr.o" "../StdPeriph_Driver/src/stm32f10x_pwr.c"
Finished building: ../StdPeriph_Driver/src/stm32f10x_iwdg.c
 
Building file: ../StdPeriph_Driver/src/stm32f10x_rcc.c
Invoking: MCU GCC Compiler
/home/laseczka/workspace/pwm/Debug
arm-none-eabi-gcc -mcpu=cortex-m3 -mthumb -mfloat-abi=soft -DSTM32 -DSTM32F1 -DSTM32F103RBTx -DNUCLEO_F103RB -DDEBUG -DSTM32F10X_MD -DUSE_STDPERIPH_DRIVER -I"/home/laseczka/workspace/pwm/Utilities/STM32F1xx-Nucleo" -I"/home/laseczka/workspace/pwm/StdPeriph_Driver/inc" -I"/home/laseczka/workspace/pwm/inc" -I"/home/laseczka/workspace/pwm/CMSIS/device" -I"/home/laseczka/workspace/pwm/CMSIS/core" -O0 -g3 -Wall -fmessage-length=0 -ffunction-sections -c -MMD -MP -MF"StdPeriph_Driver/src/stm32f10x_rcc.d" -MT"StdPeriph_Driver/src/stm32f10x_rcc.o" -o "StdPeriph_Driver/src/stm32f10x_rcc.o" "../StdPeriph_Driver/src/stm32f10x_rcc.c"
Finished building: ../StdPeriph_Driver/src/stm32f10x_pwr.c
 
Building file: ../StdPeriph_Driver/src/stm32f10x_rtc.c
Invoking: MCU GCC Compiler
/home/laseczka/workspace/pwm/Debug
arm-none-eabi-gcc -mcpu=cortex-m3 -mthumb -mfloat-abi=soft -DSTM32 -DSTM32F1 -DSTM32F103RBTx -DNUCLEO_F103RB -DDEBUG -DSTM32F10X_MD -DUSE_STDPERIPH_DRIVER -I"/home/laseczka/workspace/pwm/Utilities/STM32F1xx-Nucleo" -I"/home/laseczka/workspace/pwm/StdPeriph_Driver/inc" -I"/home/laseczka/workspace/pwm/inc" -I"/home/laseczka/workspace/pwm/CMSIS/device" -I"/home/laseczka/workspace/pwm/CMSIS/core" -O0 -g3 -Wall -fmessage-length=0 -ffunction-sections -c -MMD -MP -MF"StdPeriph_Driver/src/stm32f10x_rtc.d" -MT"StdPeriph_Driver/src/stm32f10x_rtc.o" -o "StdPeriph_Driver/src/stm32f10x_rtc.o" "../StdPeriph_Driver/src/stm32f10x_rtc.c"
Finished building: ../StdPeriph_Driver/src/stm32f10x_rtc.c
 
Building file: ../StdPeriph_Driver/src/stm32f10x_sdio.c
Invoking: MCU GCC Compiler
/home/laseczka/workspace/pwm/Debug
arm-none-eabi-gcc -mcpu=cortex-m3 -mthumb -mfloat-abi=soft -DSTM32 -DSTM32F1 -DSTM32F103RBTx -DNUCLEO_F103RB -DDEBUG -DSTM32F10X_MD -DUSE_STDPERIPH_DRIVER -I"/home/laseczka/workspace/pwm/Utilities/STM32F1xx-Nucleo" -I"/home/laseczka/workspace/pwm/StdPeriph_Driver/inc" -I"/home/laseczka/workspace/pwm/inc" -I"/home/laseczka/workspace/pwm/CMSIS/device" -I"/home/laseczka/workspace/pwm/CMSIS/core" -O0 -g3 -Wall -fmessage-length=0 -ffunction-sections -c -MMD -MP -MF"StdPeriph_Driver/src/stm32f10x_sdio.d" -MT"StdPeriph_Driver/src/stm32f10x_sdio.o" -o "StdPeriph_Driver/src/stm32f10x_sdio.o" "../StdPeriph_Driver/src/stm32f10x_sdio.c"
Finished building: ../StdPeriph_Driver/src/stm32f10x_rcc.c
 
Building file: ../StdPeriph_Driver/src/stm32f10x_spi.c
Invoking: MCU GCC Compiler
/home/laseczka/workspace/pwm/Debug
arm-none-eabi-gcc -mcpu=cortex-m3 -mthumb -mfloat-abi=soft -DSTM32 -DSTM32F1 -DSTM32F103RBTx -DNUCLEO_F103RB -DDEBUG -DSTM32F10X_MD -DUSE_STDPERIPH_DRIVER -I"/home/laseczka/workspace/pwm/Utilities/STM32F1xx-Nucleo" -I"/home/laseczka/workspace/pwm/StdPeriph_Driver/inc" -I"/home/laseczka/workspace/pwm/inc" -I"/home/laseczka/workspace/pwm/CMSIS/device" -I"/home/laseczka/workspace/pwm/CMSIS/core" -O0 -g3 -Wall -fmessage-length=0 -ffunction-sections -c -MMD -MP -MF"StdPeriph_Driver/src/stm32f10x_spi.d" -MT"StdPeriph_Driver/src/stm32f10x_spi.o" -o "StdPeriph_Driver/src/stm32f10x_spi.o" "../StdPeriph_Driver/src/stm32f10x_spi.c"
Finished building: ../StdPeriph_Driver/src/stm32f10x_sdio.c
 
Building file: ../StdPeriph_Driver/src/stm32f10x_tim.c
Invoking: MCU GCC Compiler
/home/laseczka/workspace/pwm/Debug
arm-none-eabi-gcc -mcpu=cortex-m3 -mthumb -mfloat-abi=soft -DSTM32 -DSTM32F1 -DSTM32F103RBTx -DNUCLEO_F103RB -DDEBUG -DSTM32F10X_MD -DUSE_STDPERIPH_DRIVER -I"/home/laseczka/workspace/pwm/Utilities/STM32F1xx-Nucleo" -I"/home/laseczka/workspace/pwm/StdPeriph_Driver/inc" -I"/home/laseczka/workspace/pwm/inc" -I"/home/laseczka/workspace/pwm/CMSIS/device" -I"/home/laseczka/workspace/pwm/CMSIS/core" -O0 -g3 -Wall -fmessage-length=0 -ffunction-sections -c -MMD -MP -MF"StdPeriph_Driver/src/stm32f10x_tim.d" -MT"StdPeriph_Driver/src/stm32f10x_tim.o" -o "StdPeriph_Driver/src/stm32f10x_tim.o" "../StdPeriph_Driver/src/stm32f10x_tim.c"
Finished building: ../StdPeriph_Driver/src/stm32f10x_spi.c
 
Building file: ../StdPeriph_Driver/src/stm32f10x_usart.c
Invoking: MCU GCC Compiler
/home/laseczka/workspace/pwm/Debug
arm-none-eabi-gcc -mcpu=cortex-m3 -mthumb -mfloat-abi=soft -DSTM32 -DSTM32F1 -DSTM32F103RBTx -DNUCLEO_F103RB -DDEBUG -DSTM32F10X_MD -DUSE_STDPERIPH_DRIVER -I"/home/laseczka/workspace/pwm/Utilities/STM32F1xx-Nucleo" -I"/home/laseczka/workspace/pwm/StdPeriph_Driver/inc" -I"/home/laseczka/workspace/pwm/inc" -I"/home/laseczka/workspace/pwm/CMSIS/device" -I"/home/laseczka/workspace/pwm/CMSIS/core" -O0 -g3 -Wall -fmessage-length=0 -ffunction-sections -c -MMD -MP -MF"StdPeriph_Driver/src/stm32f10x_usart.d" -MT"StdPeriph_Driver/src/stm32f10x_usart.o" -o "StdPeriph_Driver/src/stm32f10x_usart.o" "../StdPeriph_Driver/src/stm32f10x_usart.c"
Finished building: ../StdPeriph_Driver/src/stm32f10x_tim.c
 
Finished building: ../StdPeriph_Driver/src/stm32f10x_usart.c
 
Building file: ../StdPeriph_Driver/src/stm32f10x_wwdg.c
Invoking: MCU GCC Compiler
/home/laseczka/workspace/pwm/Debug
arm-none-eabi-gcc -mcpu=cortex-m3 -mthumb -mfloat-abi=soft -DSTM32 -DSTM32F1 -DSTM32F103RBTx -DNUCLEO_F103RB -DDEBUG -DSTM32F10X_MD -DUSE_STDPERIPH_DRIVER -I"/home/laseczka/workspace/pwm/Utilities/STM32F1xx-Nucleo" -I"/home/laseczka/workspace/pwm/StdPeriph_Driver/inc" -I"/home/laseczka/workspace/pwm/inc" -I"/home/laseczka/workspace/pwm/CMSIS/device" -I"/home/laseczka/workspace/pwm/CMSIS/core" -O0 -g3 -Wall -fmessage-length=0 -ffunction-sections -c -MMD -MP -MF"StdPeriph_Driver/src/stm32f10x_wwdg.d" -MT"StdPeriph_Driver/src/stm32f10x_wwdg.o" -o "StdPeriph_Driver/src/stm32f10x_wwdg.o" "../StdPeriph_Driver/src/stm32f10x_wwdg.c"
Finished building: ../StdPeriph_Driver/src/stm32f10x_wwdg.c
 
Building target: pwm.elf
Invoking: MCU GCC Linker
arm-none-eabi-gcc -mcpu=cortex-m3 -mthumb -mfloat-abi=soft -T"/home/laseczka/workspace/pwm/LinkerScript.ld" -Wl,-Map=output.map -Wl,--gc-sections -o "pwm.elf" @"objects.list"   -lm
Finished building target: pwm.elf
 
make --no-print-directory post-build
Generating binary and Printing size information:
arm-none-eabi-objcopy -O binary "pwm.elf" "pwm.bin"
arm-none-eabi-size "pwm.elf"
   text	   data	    bss	    dec	    hex	filename
   2676	   1080	    324	   4080	    ff0	pwm.elf
 
13:41:58 **** Incremental Build of configuration Debug for project pwm ****
make -j2 all 
make: Nie ma nic do zrobienia w 'all'.
13:45:57 **** Build of configuration Debug for project hello_stm_uart ****
make -j2 all 
Building file: ../startup/startup_stm32f10x_md.S
Building file: ../src/main.c
Invoking: MCU GCC Compiler
Invoking: MCU GCC Compiler
/home/laseczka/workspace/hello_stm_uart/Debug
arm-none-eabi-gcc -mcpu=cortex-m3 -mthumb -mfloat-abi=soft -DSTM32 -DSTM32F1 -DSTM32F103RBTx -DNUCLEO_F103RB -DDEBUG -DSTM32F10X_MD -DUSE_STDPERIPH_DRIVER -I"/home/laseczka/workspace/hello_stm_uart/Utilities/STM32F1xx-Nucleo" -I"/home/laseczka/workspace/hello_stm_uart/StdPeriph_Driver/inc" -I"/home/laseczka/workspace/hello_stm_uart/inc" -I"/home/laseczka/workspace/hello_stm_uart/CMSIS/device" -I"/home/laseczka/workspace/hello_stm_uart/CMSIS/core" -O0 -g3 -Wall -fmessage-length=0 -ffunction-sections -c -MMD -MP -MF"src/main.d" -MT"src/main.o" -o "src/main.o" "../src/main.c"
/home/laseczka/workspace/hello_stm_uart/Debug
arm-none-eabi-gcc -mcpu=cortex-m3 -mthumb -mfloat-abi=soft -DSTM32 -DSTM32F1 -DSTM32F103RBTx -DNUCLEO_F103RB -DDEBUG -DSTM32F10X_MD -DUSE_STDPERIPH_DRIVER -I"/home/laseczka/workspace/hello_stm_uart/Utilities/STM32F1xx-Nucleo" -I"/home/laseczka/workspace/hello_stm_uart/StdPeriph_Driver/inc" -I"/home/laseczka/workspace/hello_stm_uart/inc" -I"/home/laseczka/workspace/hello_stm_uart/CMSIS/device" -I"/home/laseczka/workspace/hello_stm_uart/CMSIS/core" -O0 -g3 -Wall -fmessage-length=0 -ffunction-sections -c -MMD -MP -MF"startup/startup_stm32f10x_md.d" -MT"startup/startup_stm32f10x_md.o" -o "startup/startup_stm32f10x_md.o" "../startup/startup_stm32f10x_md.S"
Finished building: ../startup/startup_stm32f10x_md.S
 
Building file: ../src/syscalls.c
Invoking: MCU GCC Compiler
/home/laseczka/workspace/hello_stm_uart/Debug
arm-none-eabi-gcc -mcpu=cortex-m3 -mthumb -mfloat-abi=soft -DSTM32 -DSTM32F1 -DSTM32F103RBTx -DNUCLEO_F103RB -DDEBUG -DSTM32F10X_MD -DUSE_STDPERIPH_DRIVER -I"/home/laseczka/workspace/hello_stm_uart/Utilities/STM32F1xx-Nucleo" -I"/home/laseczka/workspace/hello_stm_uart/StdPeriph_Driver/inc" -I"/home/laseczka/workspace/hello_stm_uart/inc" -I"/home/laseczka/workspace/hello_stm_uart/CMSIS/device" -I"/home/laseczka/workspace/hello_stm_uart/CMSIS/core" -O0 -g3 -Wall -fmessage-length=0 -ffunction-sections -c -MMD -MP -MF"src/syscalls.d" -MT"src/syscalls.o" -o "src/syscalls.o" "../src/syscalls.c"
Finished building: ../src/main.c
 
Building file: ../src/system_stm32f10x.c
Invoking: MCU GCC Compiler
/home/laseczka/workspace/hello_stm_uart/Debug
arm-none-eabi-gcc -mcpu=cortex-m3 -mthumb -mfloat-abi=soft -DSTM32 -DSTM32F1 -DSTM32F103RBTx -DNUCLEO_F103RB -DDEBUG -DSTM32F10X_MD -DUSE_STDPERIPH_DRIVER -I"/home/laseczka/workspace/hello_stm_uart/Utilities/STM32F1xx-Nucleo" -I"/home/laseczka/workspace/hello_stm_uart/StdPeriph_Driver/inc" -I"/home/laseczka/workspace/hello_stm_uart/inc" -I"/home/laseczka/workspace/hello_stm_uart/CMSIS/device" -I"/home/laseczka/workspace/hello_stm_uart/CMSIS/core" -O0 -g3 -Wall -fmessage-length=0 -ffunction-sections -c -MMD -MP -MF"src/system_stm32f10x.d" -MT"src/system_stm32f10x.o" -o "src/system_stm32f10x.o" "../src/system_stm32f10x.c"
Finished building: ../src/syscalls.c
../src/system_stm32f10x.c: In function 'SetSysClock':
 
../src/system_stm32f10x.c:284:37: warning: unused variable 'HSEStatus' [-Wunused-variable]
   __IO uint32_t StartUpCounter = 0, HSEStatus = 0;
                                     ^~~~~~~~~
../src/system_stm32f10x.c:284:17: warning: unused variable 'StartUpCounter' [-Wunused-variable]
   __IO uint32_t StartUpCounter = 0, HSEStatus = 0;
                 ^~~~~~~~~~~~~~
Building file: ../Utilities/STM32F1xx-Nucleo/stm32f1xx_nucleo.c
Invoking: MCU GCC Compiler
/home/laseczka/workspace/hello_stm_uart/Debug
arm-none-eabi-gcc -mcpu=cortex-m3 -mthumb -mfloat-abi=soft -DSTM32 -DSTM32F1 -DSTM32F103RBTx -DNUCLEO_F103RB -DDEBUG -DSTM32F10X_MD -DUSE_STDPERIPH_DRIVER -I"/home/laseczka/workspace/hello_stm_uart/Utilities/STM32F1xx-Nucleo" -I"/home/laseczka/workspace/hello_stm_uart/StdPeriph_Driver/inc" -I"/home/laseczka/workspace/hello_stm_uart/inc" -I"/home/laseczka/workspace/hello_stm_uart/CMSIS/device" -I"/home/laseczka/workspace/hello_stm_uart/CMSIS/core" -O0 -g3 -Wall -fmessage-length=0 -ffunction-sections -c -MMD -MP -MF"Utilities/STM32F1xx-Nucleo/stm32f1xx_nucleo.d" -MT"Utilities/STM32F1xx-Nucleo/stm32f1xx_nucleo.o" -o "Utilities/STM32F1xx-Nucleo/stm32f1xx_nucleo.o" "../Utilities/STM32F1xx-Nucleo/stm32f1xx_nucleo.c"
Finished building: ../src/system_stm32f10x.c
 
Building file: ../StdPeriph_Driver/src/misc.c
Invoking: MCU GCC Compiler
/home/laseczka/workspace/hello_stm_uart/Debug
arm-none-eabi-gcc -mcpu=cortex-m3 -mthumb -mfloat-abi=soft -DSTM32 -DSTM32F1 -DSTM32F103RBTx -DNUCLEO_F103RB -DDEBUG -DSTM32F10X_MD -DUSE_STDPERIPH_DRIVER -I"/home/laseczka/workspace/hello_stm_uart/Utilities/STM32F1xx-Nucleo" -I"/home/laseczka/workspace/hello_stm_uart/StdPeriph_Driver/inc" -I"/home/laseczka/workspace/hello_stm_uart/inc" -I"/home/laseczka/workspace/hello_stm_uart/CMSIS/device" -I"/home/laseczka/workspace/hello_stm_uart/CMSIS/core" -O0 -g3 -Wall -fmessage-length=0 -ffunction-sections -c -MMD -MP -MF"StdPeriph_Driver/src/misc.d" -MT"StdPeriph_Driver/src/misc.o" -o "StdPeriph_Driver/src/misc.o" "../StdPeriph_Driver/src/misc.c"
Finished building: ../Utilities/STM32F1xx-Nucleo/stm32f1xx_nucleo.c
 
Building file: ../StdPeriph_Driver/src/stm32f10x_adc.c
Invoking: MCU GCC Compiler
/home/laseczka/workspace/hello_stm_uart/Debug
arm-none-eabi-gcc -mcpu=cortex-m3 -mthumb -mfloat-abi=soft -DSTM32 -DSTM32F1 -DSTM32F103RBTx -DNUCLEO_F103RB -DDEBUG -DSTM32F10X_MD -DUSE_STDPERIPH_DRIVER -I"/home/laseczka/workspace/hello_stm_uart/Utilities/STM32F1xx-Nucleo" -I"/home/laseczka/workspace/hello_stm_uart/StdPeriph_Driver/inc" -I"/home/laseczka/workspace/hello_stm_uart/inc" -I"/home/laseczka/workspace/hello_stm_uart/CMSIS/device" -I"/home/laseczka/workspace/hello_stm_uart/CMSIS/core" -O0 -g3 -Wall -fmessage-length=0 -ffunction-sections -c -MMD -MP -MF"StdPeriph_Driver/src/stm32f10x_adc.d" -MT"StdPeriph_Driver/src/stm32f10x_adc.o" -o "StdPeriph_Driver/src/stm32f10x_adc.o" "../StdPeriph_Driver/src/stm32f10x_adc.c"
Finished building: ../StdPeriph_Driver/src/misc.c
 
Building file: ../StdPeriph_Driver/src/stm32f10x_bkp.c
Invoking: MCU GCC Compiler
/home/laseczka/workspace/hello_stm_uart/Debug
arm-none-eabi-gcc -mcpu=cortex-m3 -mthumb -mfloat-abi=soft -DSTM32 -DSTM32F1 -DSTM32F103RBTx -DNUCLEO_F103RB -DDEBUG -DSTM32F10X_MD -DUSE_STDPERIPH_DRIVER -I"/home/laseczka/workspace/hello_stm_uart/Utilities/STM32F1xx-Nucleo" -I"/home/laseczka/workspace/hello_stm_uart/StdPeriph_Driver/inc" -I"/home/laseczka/workspace/hello_stm_uart/inc" -I"/home/laseczka/workspace/hello_stm_uart/CMSIS/device" -I"/home/laseczka/workspace/hello_stm_uart/CMSIS/core" -O0 -g3 -Wall -fmessage-length=0 -ffunction-sections -c -MMD -MP -MF"StdPeriph_Driver/src/stm32f10x_bkp.d" -MT"StdPeriph_Driver/src/stm32f10x_bkp.o" -o "StdPeriph_Driver/src/stm32f10x_bkp.o" "../StdPeriph_Driver/src/stm32f10x_bkp.c"
Finished building: ../StdPeriph_Driver/src/stm32f10x_adc.c
 
Building file: ../StdPeriph_Driver/src/stm32f10x_can.c
Invoking: MCU GCC Compiler
/home/laseczka/workspace/hello_stm_uart/Debug
arm-none-eabi-gcc -mcpu=cortex-m3 -mthumb -mfloat-abi=soft -DSTM32 -DSTM32F1 -DSTM32F103RBTx -DNUCLEO_F103RB -DDEBUG -DSTM32F10X_MD -DUSE_STDPERIPH_DRIVER -I"/home/laseczka/workspace/hello_stm_uart/Utilities/STM32F1xx-Nucleo" -I"/home/laseczka/workspace/hello_stm_uart/StdPeriph_Driver/inc" -I"/home/laseczka/workspace/hello_stm_uart/inc" -I"/home/laseczka/workspace/hello_stm_uart/CMSIS/device" -I"/home/laseczka/workspace/hello_stm_uart/CMSIS/core" -O0 -g3 -Wall -fmessage-length=0 -ffunction-sections -c -MMD -MP -MF"StdPeriph_Driver/src/stm32f10x_can.d" -MT"StdPeriph_Driver/src/stm32f10x_can.o" -o "StdPeriph_Driver/src/stm32f10x_can.o" "../StdPeriph_Driver/src/stm32f10x_can.c"
Finished building: ../StdPeriph_Driver/src/stm32f10x_bkp.c
 
Building file: ../StdPeriph_Driver/src/stm32f10x_cec.c
Invoking: MCU GCC Compiler
/home/laseczka/workspace/hello_stm_uart/Debug
arm-none-eabi-gcc -mcpu=cortex-m3 -mthumb -mfloat-abi=soft -DSTM32 -DSTM32F1 -DSTM32F103RBTx -DNUCLEO_F103RB -DDEBUG -DSTM32F10X_MD -DUSE_STDPERIPH_DRIVER -I"/home/laseczka/workspace/hello_stm_uart/Utilities/STM32F1xx-Nucleo" -I"/home/laseczka/workspace/hello_stm_uart/StdPeriph_Driver/inc" -I"/home/laseczka/workspace/hello_stm_uart/inc" -I"/home/laseczka/workspace/hello_stm_uart/CMSIS/device" -I"/home/laseczka/workspace/hello_stm_uart/CMSIS/core" -O0 -g3 -Wall -fmessage-length=0 -ffunction-sections -c -MMD -MP -MF"StdPeriph_Driver/src/stm32f10x_cec.d" -MT"StdPeriph_Driver/src/stm32f10x_cec.o" -o "StdPeriph_Driver/src/stm32f10x_cec.o" "../StdPeriph_Driver/src/stm32f10x_cec.c"
Finished building: ../StdPeriph_Driver/src/stm32f10x_cec.c
 
Building file: ../StdPeriph_Driver/src/stm32f10x_crc.c
Invoking: MCU GCC Compiler
/home/laseczka/workspace/hello_stm_uart/Debug
arm-none-eabi-gcc -mcpu=cortex-m3 -mthumb -mfloat-abi=soft -DSTM32 -DSTM32F1 -DSTM32F103RBTx -DNUCLEO_F103RB -DDEBUG -DSTM32F10X_MD -DUSE_STDPERIPH_DRIVER -I"/home/laseczka/workspace/hello_stm_uart/Utilities/STM32F1xx-Nucleo" -I"/home/laseczka/workspace/hello_stm_uart/StdPeriph_Driver/inc" -I"/home/laseczka/workspace/hello_stm_uart/inc" -I"/home/laseczka/workspace/hello_stm_uart/CMSIS/device" -I"/home/laseczka/workspace/hello_stm_uart/CMSIS/core" -O0 -g3 -Wall -fmessage-length=0 -ffunction-sections -c -MMD -MP -MF"StdPeriph_Driver/src/stm32f10x_crc.d" -MT"StdPeriph_Driver/src/stm32f10x_crc.o" -o "StdPeriph_Driver/src/stm32f10x_crc.o" "../StdPeriph_Driver/src/stm32f10x_crc.c"
Finished building: ../StdPeriph_Driver/src/stm32f10x_can.c
 
Building file: ../StdPeriph_Driver/src/stm32f10x_dac.c
Invoking: MCU GCC Compiler
Finished building: ../StdPeriph_Driver/src/stm32f10x_crc.c
/home/laseczka/workspace/hello_stm_uart/Debug
arm-none-eabi-gcc -mcpu=cortex-m3 -mthumb -mfloat-abi=soft -DSTM32 -DSTM32F1 -DSTM32F103RBTx -DNUCLEO_F103RB -DDEBUG -DSTM32F10X_MD -DUSE_STDPERIPH_DRIVER -I"/home/laseczka/workspace/hello_stm_uart/Utilities/STM32F1xx-Nucleo" -I"/home/laseczka/workspace/hello_stm_uart/StdPeriph_Driver/inc" -I"/home/laseczka/workspace/hello_stm_uart/inc" -I"/home/laseczka/workspace/hello_stm_uart/CMSIS/device" -I"/home/laseczka/workspace/hello_stm_uart/CMSIS/core" -O0 -g3 -Wall -fmessage-length=0 -ffunction-sections -c -MMD -MP -MF"StdPeriph_Driver/src/stm32f10x_dac.d" -MT"StdPeriph_Driver/src/stm32f10x_dac.o" -o "StdPeriph_Driver/src/stm32f10x_dac.o" "../StdPeriph_Driver/src/stm32f10x_dac.c"
 
Building file: ../StdPeriph_Driver/src/stm32f10x_dbgmcu.c
Invoking: MCU GCC Compiler
/home/laseczka/workspace/hello_stm_uart/Debug
arm-none-eabi-gcc -mcpu=cortex-m3 -mthumb -mfloat-abi=soft -DSTM32 -DSTM32F1 -DSTM32F103RBTx -DNUCLEO_F103RB -DDEBUG -DSTM32F10X_MD -DUSE_STDPERIPH_DRIVER -I"/home/laseczka/workspace/hello_stm_uart/Utilities/STM32F1xx-Nucleo" -I"/home/laseczka/workspace/hello_stm_uart/StdPeriph_Driver/inc" -I"/home/laseczka/workspace/hello_stm_uart/inc" -I"/home/laseczka/workspace/hello_stm_uart/CMSIS/device" -I"/home/laseczka/workspace/hello_stm_uart/CMSIS/core" -O0 -g3 -Wall -fmessage-length=0 -ffunction-sections -c -MMD -MP -MF"StdPeriph_Driver/src/stm32f10x_dbgmcu.d" -MT"StdPeriph_Driver/src/stm32f10x_dbgmcu.o" -o "StdPeriph_Driver/src/stm32f10x_dbgmcu.o" "../StdPeriph_Driver/src/stm32f10x_dbgmcu.c"
Finished building: ../StdPeriph_Driver/src/stm32f10x_dac.c
 
Building file: ../StdPeriph_Driver/src/stm32f10x_dma.c
Invoking: MCU GCC Compiler
/home/laseczka/workspace/hello_stm_uart/Debug
arm-none-eabi-gcc -mcpu=cortex-m3 -mthumb -mfloat-abi=soft -DSTM32 -DSTM32F1 -DSTM32F103RBTx -DNUCLEO_F103RB -DDEBUG -DSTM32F10X_MD -DUSE_STDPERIPH_DRIVER -I"/home/laseczka/workspace/hello_stm_uart/Utilities/STM32F1xx-Nucleo" -I"/home/laseczka/workspace/hello_stm_uart/StdPeriph_Driver/inc" -I"/home/laseczka/workspace/hello_stm_uart/inc" -I"/home/laseczka/workspace/hello_stm_uart/CMSIS/device" -I"/home/laseczka/workspace/hello_stm_uart/CMSIS/core" -O0 -g3 -Wall -fmessage-length=0 -ffunction-sections -c -MMD -MP -MF"StdPeriph_Driver/src/stm32f10x_dma.d" -MT"StdPeriph_Driver/src/stm32f10x_dma.o" -o "StdPeriph_Driver/src/stm32f10x_dma.o" "../StdPeriph_Driver/src/stm32f10x_dma.c"
Finished building: ../StdPeriph_Driver/src/stm32f10x_dbgmcu.c
 
Building file: ../StdPeriph_Driver/src/stm32f10x_exti.c
Invoking: MCU GCC Compiler
/home/laseczka/workspace/hello_stm_uart/Debug
arm-none-eabi-gcc -mcpu=cortex-m3 -mthumb -mfloat-abi=soft -DSTM32 -DSTM32F1 -DSTM32F103RBTx -DNUCLEO_F103RB -DDEBUG -DSTM32F10X_MD -DUSE_STDPERIPH_DRIVER -I"/home/laseczka/workspace/hello_stm_uart/Utilities/STM32F1xx-Nucleo" -I"/home/laseczka/workspace/hello_stm_uart/StdPeriph_Driver/inc" -I"/home/laseczka/workspace/hello_stm_uart/inc" -I"/home/laseczka/workspace/hello_stm_uart/CMSIS/device" -I"/home/laseczka/workspace/hello_stm_uart/CMSIS/core" -O0 -g3 -Wall -fmessage-length=0 -ffunction-sections -c -MMD -MP -MF"StdPeriph_Driver/src/stm32f10x_exti.d" -MT"StdPeriph_Driver/src/stm32f10x_exti.o" -o "StdPeriph_Driver/src/stm32f10x_exti.o" "../StdPeriph_Driver/src/stm32f10x_exti.c"
Finished building: ../StdPeriph_Driver/src/stm32f10x_dma.c
 
Building file: ../StdPeriph_Driver/src/stm32f10x_flash.c
Invoking: MCU GCC Compiler
/home/laseczka/workspace/hello_stm_uart/Debug
arm-none-eabi-gcc -mcpu=cortex-m3 -mthumb -mfloat-abi=soft -DSTM32 -DSTM32F1 -DSTM32F103RBTx -DNUCLEO_F103RB -DDEBUG -DSTM32F10X_MD -DUSE_STDPERIPH_DRIVER -I"/home/laseczka/workspace/hello_stm_uart/Utilities/STM32F1xx-Nucleo" -I"/home/laseczka/workspace/hello_stm_uart/StdPeriph_Driver/inc" -I"/home/laseczka/workspace/hello_stm_uart/inc" -I"/home/laseczka/workspace/hello_stm_uart/CMSIS/device" -I"/home/laseczka/workspace/hello_stm_uart/CMSIS/core" -O0 -g3 -Wall -fmessage-length=0 -ffunction-sections -c -MMD -MP -MF"StdPeriph_Driver/src/stm32f10x_flash.d" -MT"StdPeriph_Driver/src/stm32f10x_flash.o" -o "StdPeriph_Driver/src/stm32f10x_flash.o" "../StdPeriph_Driver/src/stm32f10x_flash.c"
Finished building: ../StdPeriph_Driver/src/stm32f10x_exti.c
 
Building file: ../StdPeriph_Driver/src/stm32f10x_fsmc.c
Invoking: MCU GCC Compiler
/home/laseczka/workspace/hello_stm_uart/Debug
arm-none-eabi-gcc -mcpu=cortex-m3 -mthumb -mfloat-abi=soft -DSTM32 -DSTM32F1 -DSTM32F103RBTx -DNUCLEO_F103RB -DDEBUG -DSTM32F10X_MD -DUSE_STDPERIPH_DRIVER -I"/home/laseczka/workspace/hello_stm_uart/Utilities/STM32F1xx-Nucleo" -I"/home/laseczka/workspace/hello_stm_uart/StdPeriph_Driver/inc" -I"/home/laseczka/workspace/hello_stm_uart/inc" -I"/home/laseczka/workspace/hello_stm_uart/CMSIS/device" -I"/home/laseczka/workspace/hello_stm_uart/CMSIS/core" -O0 -g3 -Wall -fmessage-length=0 -ffunction-sections -c -MMD -MP -MF"StdPeriph_Driver/src/stm32f10x_fsmc.d" -MT"StdPeriph_Driver/src/stm32f10x_fsmc.o" -o "StdPeriph_Driver/src/stm32f10x_fsmc.o" "../StdPeriph_Driver/src/stm32f10x_fsmc.c"
Finished building: ../StdPeriph_Driver/src/stm32f10x_flash.c
 
Building file: ../StdPeriph_Driver/src/stm32f10x_gpio.c
Invoking: MCU GCC Compiler
/home/laseczka/workspace/hello_stm_uart/Debug
arm-none-eabi-gcc -mcpu=cortex-m3 -mthumb -mfloat-abi=soft -DSTM32 -DSTM32F1 -DSTM32F103RBTx -DNUCLEO_F103RB -DDEBUG -DSTM32F10X_MD -DUSE_STDPERIPH_DRIVER -I"/home/laseczka/workspace/hello_stm_uart/Utilities/STM32F1xx-Nucleo" -I"/home/laseczka/workspace/hello_stm_uart/StdPeriph_Driver/inc" -I"/home/laseczka/workspace/hello_stm_uart/inc" -I"/home/laseczka/workspace/hello_stm_uart/CMSIS/device" -I"/home/laseczka/workspace/hello_stm_uart/CMSIS/core" -O0 -g3 -Wall -fmessage-length=0 -ffunction-sections -c -MMD -MP -MF"StdPeriph_Driver/src/stm32f10x_gpio.d" -MT"StdPeriph_Driver/src/stm32f10x_gpio.o" -o "StdPeriph_Driver/src/stm32f10x_gpio.o" "../StdPeriph_Driver/src/stm32f10x_gpio.c"
Finished building: ../StdPeriph_Driver/src/stm32f10x_fsmc.c
 
Building file: ../StdPeriph_Driver/src/stm32f10x_i2c.c
Invoking: MCU GCC Compiler
/home/laseczka/workspace/hello_stm_uart/Debug
arm-none-eabi-gcc -mcpu=cortex-m3 -mthumb -mfloat-abi=soft -DSTM32 -DSTM32F1 -DSTM32F103RBTx -DNUCLEO_F103RB -DDEBUG -DSTM32F10X_MD -DUSE_STDPERIPH_DRIVER -I"/home/laseczka/workspace/hello_stm_uart/Utilities/STM32F1xx-Nucleo" -I"/home/laseczka/workspace/hello_stm_uart/StdPeriph_Driver/inc" -I"/home/laseczka/workspace/hello_stm_uart/inc" -I"/home/laseczka/workspace/hello_stm_uart/CMSIS/device" -I"/home/laseczka/workspace/hello_stm_uart/CMSIS/core" -O0 -g3 -Wall -fmessage-length=0 -ffunction-sections -c -MMD -MP -MF"StdPeriph_Driver/src/stm32f10x_i2c.d" -MT"StdPeriph_Driver/src/stm32f10x_i2c.o" -o "StdPeriph_Driver/src/stm32f10x_i2c.o" "../StdPeriph_Driver/src/stm32f10x_i2c.c"
Finished building: ../StdPeriph_Driver/src/stm32f10x_gpio.c
 
Building file: ../StdPeriph_Driver/src/stm32f10x_iwdg.c
Invoking: MCU GCC Compiler
/home/laseczka/workspace/hello_stm_uart/Debug
arm-none-eabi-gcc -mcpu=cortex-m3 -mthumb -mfloat-abi=soft -DSTM32 -DSTM32F1 -DSTM32F103RBTx -DNUCLEO_F103RB -DDEBUG -DSTM32F10X_MD -DUSE_STDPERIPH_DRIVER -I"/home/laseczka/workspace/hello_stm_uart/Utilities/STM32F1xx-Nucleo" -I"/home/laseczka/workspace/hello_stm_uart/StdPeriph_Driver/inc" -I"/home/laseczka/workspace/hello_stm_uart/inc" -I"/home/laseczka/workspace/hello_stm_uart/CMSIS/device" -I"/home/laseczka/workspace/hello_stm_uart/CMSIS/core" -O0 -g3 -Wall -fmessage-length=0 -ffunction-sections -c -MMD -MP -MF"StdPeriph_Driver/src/stm32f10x_iwdg.d" -MT"StdPeriph_Driver/src/stm32f10x_iwdg.o" -o "StdPeriph_Driver/src/stm32f10x_iwdg.o" "../StdPeriph_Driver/src/stm32f10x_iwdg.c"
Finished building: ../StdPeriph_Driver/src/stm32f10x_i2c.c
 
Building file: ../StdPeriph_Driver/src/stm32f10x_pwr.c
Invoking: MCU GCC Compiler
/home/laseczka/workspace/hello_stm_uart/Debug
arm-none-eabi-gcc -mcpu=cortex-m3 -mthumb -mfloat-abi=soft -DSTM32 -DSTM32F1 -DSTM32F103RBTx -DNUCLEO_F103RB -DDEBUG -DSTM32F10X_MD -DUSE_STDPERIPH_DRIVER -I"/home/laseczka/workspace/hello_stm_uart/Utilities/STM32F1xx-Nucleo" -I"/home/laseczka/workspace/hello_stm_uart/StdPeriph_Driver/inc" -I"/home/laseczka/workspace/hello_stm_uart/inc" -I"/home/laseczka/workspace/hello_stm_uart/CMSIS/device" -I"/home/laseczka/workspace/hello_stm_uart/CMSIS/core" -O0 -g3 -Wall -fmessage-length=0 -ffunction-sections -c -MMD -MP -MF"StdPeriph_Driver/src/stm32f10x_pwr.d" -MT"StdPeriph_Driver/src/stm32f10x_pwr.o" -o "StdPeriph_Driver/src/stm32f10x_pwr.o" "../StdPeriph_Driver/src/stm32f10x_pwr.c"
Finished building: ../StdPeriph_Driver/src/stm32f10x_iwdg.c
 
Building file: ../StdPeriph_Driver/src/stm32f10x_rcc.c
Invoking: MCU GCC Compiler
/home/laseczka/workspace/hello_stm_uart/Debug
arm-none-eabi-gcc -mcpu=cortex-m3 -mthumb -mfloat-abi=soft -DSTM32 -DSTM32F1 -DSTM32F103RBTx -DNUCLEO_F103RB -DDEBUG -DSTM32F10X_MD -DUSE_STDPERIPH_DRIVER -I"/home/laseczka/workspace/hello_stm_uart/Utilities/STM32F1xx-Nucleo" -I"/home/laseczka/workspace/hello_stm_uart/StdPeriph_Driver/inc" -I"/home/laseczka/workspace/hello_stm_uart/inc" -I"/home/laseczka/workspace/hello_stm_uart/CMSIS/device" -I"/home/laseczka/workspace/hello_stm_uart/CMSIS/core" -O0 -g3 -Wall -fmessage-length=0 -ffunction-sections -c -MMD -MP -MF"StdPeriph_Driver/src/stm32f10x_rcc.d" -MT"StdPeriph_Driver/src/stm32f10x_rcc.o" -o "StdPeriph_Driver/src/stm32f10x_rcc.o" "../StdPeriph_Driver/src/stm32f10x_rcc.c"
Finished building: ../StdPeriph_Driver/src/stm32f10x_pwr.c
 
Building file: ../StdPeriph_Driver/src/stm32f10x_rtc.c
Invoking: MCU GCC Compiler
/home/laseczka/workspace/hello_stm_uart/Debug
arm-none-eabi-gcc -mcpu=cortex-m3 -mthumb -mfloat-abi=soft -DSTM32 -DSTM32F1 -DSTM32F103RBTx -DNUCLEO_F103RB -DDEBUG -DSTM32F10X_MD -DUSE_STDPERIPH_DRIVER -I"/home/laseczka/workspace/hello_stm_uart/Utilities/STM32F1xx-Nucleo" -I"/home/laseczka/workspace/hello_stm_uart/StdPeriph_Driver/inc" -I"/home/laseczka/workspace/hello_stm_uart/inc" -I"/home/laseczka/workspace/hello_stm_uart/CMSIS/device" -I"/home/laseczka/workspace/hello_stm_uart/CMSIS/core" -O0 -g3 -Wall -fmessage-length=0 -ffunction-sections -c -MMD -MP -MF"StdPeriph_Driver/src/stm32f10x_rtc.d" -MT"StdPeriph_Driver/src/stm32f10x_rtc.o" -o "StdPeriph_Driver/src/stm32f10x_rtc.o" "../StdPeriph_Driver/src/stm32f10x_rtc.c"
Finished building: ../StdPeriph_Driver/src/stm32f10x_rcc.c
 
Building file: ../StdPeriph_Driver/src/stm32f10x_sdio.c
Invoking: MCU GCC Compiler
/home/laseczka/workspace/hello_stm_uart/Debug
arm-none-eabi-gcc -mcpu=cortex-m3 -mthumb -mfloat-abi=soft -DSTM32 -DSTM32F1 -DSTM32F103RBTx -DNUCLEO_F103RB -DDEBUG -DSTM32F10X_MD -DUSE_STDPERIPH_DRIVER -I"/home/laseczka/workspace/hello_stm_uart/Utilities/STM32F1xx-Nucleo" -I"/home/laseczka/workspace/hello_stm_uart/StdPeriph_Driver/inc" -I"/home/laseczka/workspace/hello_stm_uart/inc" -I"/home/laseczka/workspace/hello_stm_uart/CMSIS/device" -I"/home/laseczka/workspace/hello_stm_uart/CMSIS/core" -O0 -g3 -Wall -fmessage-length=0 -ffunction-sections -c -MMD -MP -MF"StdPeriph_Driver/src/stm32f10x_sdio.d" -MT"StdPeriph_Driver/src/stm32f10x_sdio.o" -o "StdPeriph_Driver/src/stm32f10x_sdio.o" "../StdPeriph_Driver/src/stm32f10x_sdio.c"
Finished building: ../StdPeriph_Driver/src/stm32f10x_rtc.c
 
Building file: ../StdPeriph_Driver/src/stm32f10x_spi.c
Invoking: MCU GCC Compiler
/home/laseczka/workspace/hello_stm_uart/Debug
arm-none-eabi-gcc -mcpu=cortex-m3 -mthumb -mfloat-abi=soft -DSTM32 -DSTM32F1 -DSTM32F103RBTx -DNUCLEO_F103RB -DDEBUG -DSTM32F10X_MD -DUSE_STDPERIPH_DRIVER -I"/home/laseczka/workspace/hello_stm_uart/Utilities/STM32F1xx-Nucleo" -I"/home/laseczka/workspace/hello_stm_uart/StdPeriph_Driver/inc" -I"/home/laseczka/workspace/hello_stm_uart/inc" -I"/home/laseczka/workspace/hello_stm_uart/CMSIS/device" -I"/home/laseczka/workspace/hello_stm_uart/CMSIS/core" -O0 -g3 -Wall -fmessage-length=0 -ffunction-sections -c -MMD -MP -MF"StdPeriph_Driver/src/stm32f10x_spi.d" -MT"StdPeriph_Driver/src/stm32f10x_spi.o" -o "StdPeriph_Driver/src/stm32f10x_spi.o" "../StdPeriph_Driver/src/stm32f10x_spi.c"
Finished building: ../StdPeriph_Driver/src/stm32f10x_sdio.c
 
Building file: ../StdPeriph_Driver/src/stm32f10x_tim.c
Invoking: MCU GCC Compiler
/home/laseczka/workspace/hello_stm_uart/Debug
arm-none-eabi-gcc -mcpu=cortex-m3 -mthumb -mfloat-abi=soft -DSTM32 -DSTM32F1 -DSTM32F103RBTx -DNUCLEO_F103RB -DDEBUG -DSTM32F10X_MD -DUSE_STDPERIPH_DRIVER -I"/home/laseczka/workspace/hello_stm_uart/Utilities/STM32F1xx-Nucleo" -I"/home/laseczka/workspace/hello_stm_uart/StdPeriph_Driver/inc" -I"/home/laseczka/workspace/hello_stm_uart/inc" -I"/home/laseczka/workspace/hello_stm_uart/CMSIS/device" -I"/home/laseczka/workspace/hello_stm_uart/CMSIS/core" -O0 -g3 -Wall -fmessage-length=0 -ffunction-sections -c -MMD -MP -MF"StdPeriph_Driver/src/stm32f10x_tim.d" -MT"StdPeriph_Driver/src/stm32f10x_tim.o" -o "StdPeriph_Driver/src/stm32f10x_tim.o" "../StdPeriph_Driver/src/stm32f10x_tim.c"
Finished building: ../StdPeriph_Driver/src/stm32f10x_spi.c
 
Building file: ../StdPeriph_Driver/src/stm32f10x_usart.c
Invoking: MCU GCC Compiler
/home/laseczka/workspace/hello_stm_uart/Debug
arm-none-eabi-gcc -mcpu=cortex-m3 -mthumb -mfloat-abi=soft -DSTM32 -DSTM32F1 -DSTM32F103RBTx -DNUCLEO_F103RB -DDEBUG -DSTM32F10X_MD -DUSE_STDPERIPH_DRIVER -I"/home/laseczka/workspace/hello_stm_uart/Utilities/STM32F1xx-Nucleo" -I"/home/laseczka/workspace/hello_stm_uart/StdPeriph_Driver/inc" -I"/home/laseczka/workspace/hello_stm_uart/inc" -I"/home/laseczka/workspace/hello_stm_uart/CMSIS/device" -I"/home/laseczka/workspace/hello_stm_uart/CMSIS/core" -O0 -g3 -Wall -fmessage-length=0 -ffunction-sections -c -MMD -MP -MF"StdPeriph_Driver/src/stm32f10x_usart.d" -MT"StdPeriph_Driver/src/stm32f10x_usart.o" -o "StdPeriph_Driver/src/stm32f10x_usart.o" "../StdPeriph_Driver/src/stm32f10x_usart.c"
Finished building: ../StdPeriph_Driver/src/stm32f10x_tim.c
 
Building file: ../StdPeriph_Driver/src/stm32f10x_wwdg.c
Invoking: MCU GCC Compiler
/home/laseczka/workspace/hello_stm_uart/Debug
arm-none-eabi-gcc -mcpu=cortex-m3 -mthumb -mfloat-abi=soft -DSTM32 -DSTM32F1 -DSTM32F103RBTx -DNUCLEO_F103RB -DDEBUG -DSTM32F10X_MD -DUSE_STDPERIPH_DRIVER -I"/home/laseczka/workspace/hello_stm_uart/Utilities/STM32F1xx-Nucleo" -I"/home/laseczka/workspace/hello_stm_uart/StdPeriph_Driver/inc" -I"/home/laseczka/workspace/hello_stm_uart/inc" -I"/home/laseczka/workspace/hello_stm_uart/CMSIS/device" -I"/home/laseczka/workspace/hello_stm_uart/CMSIS/core" -O0 -g3 -Wall -fmessage-length=0 -ffunction-sections -c -MMD -MP -MF"StdPeriph_Driver/src/stm32f10x_wwdg.d" -MT"StdPeriph_Driver/src/stm32f10x_wwdg.o" -o "StdPeriph_Driver/src/stm32f10x_wwdg.o" "../StdPeriph_Driver/src/stm32f10x_wwdg.c"
Finished building: ../StdPeriph_Driver/src/stm32f10x_usart.c
 
Finished building: ../StdPeriph_Driver/src/stm32f10x_wwdg.c
 
Building target: hello_stm_uart.elf
Invoking: MCU GCC Linker
arm-none-eabi-gcc -mcpu=cortex-m3 -mthumb -mfloat-abi=soft -T"/home/laseczka/workspace/hello_stm_uart/LinkerScript.ld" -Wl,-Map=output.map -Wl,--gc-sections -o "hello_stm_uart.elf" @"objects.list"   -lm
Finished building target: hello_stm_uart.elf
 
make --no-print-directory post-build
Generating binary and Printing size information:
arm-none-eabi-objcopy -O binary "hello_stm_uart.elf" "hello_stm_uart.bin"
arm-none-eabi-size "hello_stm_uart.elf"
   text	   data	    bss	    dec	    hex	filename
   2792	   1104	    324	   4220	   107c	hello_stm_uart.elf
 
13:46:26 **** Incremental Build of configuration Debug for project hello_stm_uart ****
make -j2 all 
make: Nie ma nic do zrobienia w 'all'.
13:47:17 **** Incremental Build of configuration Debug for project adc ****
make -j2 all 
Building file: ../src/main.c
Invoking: MCU GCC Compiler
/home/laseczka/workspace/adc/Debug
arm-none-eabi-gcc -mcpu=cortex-m3 -mthumb -mfloat-abi=soft -DSTM32 -DSTM32F1 -DSTM32F103RBTx -DNUCLEO_F103RB -DDEBUG -DSTM32F10X_MD -DUSE_STDPERIPH_DRIVER -I"/home/laseczka/workspace/adc/Utilities/STM32F1xx-Nucleo" -I"/home/laseczka/workspace/adc/StdPeriph_Driver/inc" -I"/home/laseczka/workspace/adc/inc" -I"/home/laseczka/workspace/adc/CMSIS/device" -I"/home/laseczka/workspace/adc/CMSIS/core" -O0 -g3 -Wall -fmessage-length=0 -ffunction-sections -c -MMD -MP -MF"src/main.d" -MT"src/main.o" -o "src/main.o" "../src/main.c"
Finished building: ../src/main.c
 
Building target: adc.elf
Invoking: MCU GCC Linker
arm-none-eabi-gcc -mcpu=cortex-m3 -mthumb -mfloat-abi=soft -T"/home/laseczka/workspace/adc/LinkerScript.ld" -Wl,-Map=output.map -Wl,--gc-sections -o "adc.elf" @"objects.list"   -lm
Finished building target: adc.elf
 
make --no-print-directory post-build
Generating binary and Printing size information:
arm-none-eabi-objcopy -O binary "adc.elf" "adc.bin"
arm-none-eabi-size "adc.elf"
   text	   data	    bss	    dec	    hex	filename
  29100	   2508	    384	  31992	   7cf8	adc.elf
 
13:48:57 **** Incremental Build of configuration Debug for project hello_stm_uart ****
make -j2 all 
Building file: ../src/main.c
Invoking: MCU GCC Compiler
/home/laseczka/workspace/hello_stm_uart/Debug
arm-none-eabi-gcc -mcpu=cortex-m3 -mthumb -mfloat-abi=soft -DSTM32 -DSTM32F1 -DSTM32F103RBTx -DNUCLEO_F103RB -DDEBUG -DSTM32F10X_MD -DUSE_STDPERIPH_DRIVER -I"/home/laseczka/workspace/hello_stm_uart/Utilities/STM32F1xx-Nucleo" -I"/home/laseczka/workspace/hello_stm_uart/StdPeriph_Driver/inc" -I"/home/laseczka/workspace/hello_stm_uart/inc" -I"/home/laseczka/workspace/hello_stm_uart/CMSIS/device" -I"/home/laseczka/workspace/hello_stm_uart/CMSIS/core" -O0 -g3 -Wall -fmessage-length=0 -ffunction-sections -c -MMD -MP -MF"src/main.d" -MT"src/main.o" -o "src/main.o" "../src/main.c"
Finished building: ../src/main.c
 
Building target: hello_stm_uart.elf
Invoking: MCU GCC Linker
arm-none-eabi-gcc -mcpu=cortex-m3 -mthumb -mfloat-abi=soft -T"/home/laseczka/workspace/hello_stm_uart/LinkerScript.ld" -Wl,-Map=output.map -Wl,--gc-sections -o "hello_stm_uart.elf" @"objects.list"   -lm
Finished building target: hello_stm_uart.elf
 
make --no-print-directory post-build
Generating binary and Printing size information:
arm-none-eabi-objcopy -O binary "hello_stm_uart.elf" "hello_stm_uart.bin"
arm-none-eabi-size "hello_stm_uart.elf"
   text	   data	    bss	    dec	    hex	filename
   2792	   1104	    324	   4220	   107c	hello_stm_uart.elf
 
13:49:16 **** Incremental Build of configuration Debug for project hello_stm_uart ****
make -j2 all 
Building file: ../src/main.c
Invoking: MCU GCC Compiler
/home/laseczka/workspace/hello_stm_uart/Debug
arm-none-eabi-gcc -mcpu=cortex-m3 -mthumb -mfloat-abi=soft -DSTM32 -DSTM32F1 -DSTM32F103RBTx -DNUCLEO_F103RB -DDEBUG -DSTM32F10X_MD -DUSE_STDPERIPH_DRIVER -I"/home/laseczka/workspace/hello_stm_uart/Utilities/STM32F1xx-Nucleo" -I"/home/laseczka/workspace/hello_stm_uart/StdPeriph_Driver/inc" -I"/home/laseczka/workspace/hello_stm_uart/inc" -I"/home/laseczka/workspace/hello_stm_uart/CMSIS/device" -I"/home/laseczka/workspace/hello_stm_uart/CMSIS/core" -O0 -g3 -Wall -fmessage-length=0 -ffunction-sections -c -MMD -MP -MF"src/main.d" -MT"src/main.o" -o "src/main.o" "../src/main.c"
Finished building: ../src/main.c
 
Building target: hello_stm_uart.elf
Invoking: MCU GCC Linker
arm-none-eabi-gcc -mcpu=cortex-m3 -mthumb -mfloat-abi=soft -T"/home/laseczka/workspace/hello_stm_uart/LinkerScript.ld" -Wl,-Map=output.map -Wl,--gc-sections -o "hello_stm_uart.elf" @"objects.list"   -lm
Finished building target: hello_stm_uart.elf
 
make --no-print-directory post-build
Generating binary and Printing size information:
arm-none-eabi-objcopy -O binary "hello_stm_uart.elf" "hello_stm_uart.bin"
arm-none-eabi-size "hello_stm_uart.elf"
   text	   data	    bss	    dec	    hex	filename
   2792	   1104	    324	   4220	   107c	hello_stm_uart.elf
 
13:49:57 **** Incremental Build of configuration Debug for project hello_stm_uart ****
make -j2 all 
Building file: ../src/main.c
Invoking: MCU GCC Compiler
/home/laseczka/workspace/hello_stm_uart/Debug
arm-none-eabi-gcc -mcpu=cortex-m3 -mthumb -mfloat-abi=soft -DSTM32 -DSTM32F1 -DSTM32F103RBTx -DNUCLEO_F103RB -DDEBUG -DSTM32F10X_MD -DUSE_STDPERIPH_DRIVER -I"/home/laseczka/workspace/hello_stm_uart/Utilities/STM32F1xx-Nucleo" -I"/home/laseczka/workspace/hello_stm_uart/StdPeriph_Driver/inc" -I"/home/laseczka/workspace/hello_stm_uart/inc" -I"/home/laseczka/workspace/hello_stm_uart/CMSIS/device" -I"/home/laseczka/workspace/hello_stm_uart/CMSIS/core" -O0 -g3 -Wall -fmessage-length=0 -ffunction-sections -c -MMD -MP -MF"src/main.d" -MT"src/main.o" -o "src/main.o" "../src/main.c"
Finished building: ../src/main.c
 
Building target: hello_stm_uart.elf
Invoking: MCU GCC Linker
arm-none-eabi-gcc -mcpu=cortex-m3 -mthumb -mfloat-abi=soft -T"/home/laseczka/workspace/hello_stm_uart/LinkerScript.ld" -Wl,-Map=output.map -Wl,--gc-sections -o "hello_stm_uart.elf" @"objects.list"   -lm
Finished building target: hello_stm_uart.elf
 
make --no-print-directory post-build
Generating binary and Printing size information:
arm-none-eabi-objcopy -O binary "hello_stm_uart.elf" "hello_stm_uart.bin"
arm-none-eabi-size "hello_stm_uart.elf"
   text	   data	    bss	    dec	    hex	filename
   2792	   1104	    324	   4220	   107c	hello_stm_uart.elf
 
13:50:10 **** Incremental Build of configuration Debug for project adc ****
make -j2 all 
make: Nie ma nic do zrobienia w 'all'.
13:50:31 **** Incremental Build of configuration Debug for project i2c ****
make -j2 all 
make: Nie ma nic do zrobienia w 'all'.
13:51:22 **** Incremental Build of configuration Debug for project i2c ****
make -j2 all 
make: Nie ma nic do zrobienia w 'all'.
13:51:58 **** Incremental Build of configuration Debug for project i2c ****
make -j2 all 
make: Nie ma nic do zrobienia w 'all'.
