13:49:57 **** Incremental Build of configuration Debug for project hello_stm_uart ****
make -j2 all 
Building file: ../src/main.c
Invoking: MCU GCC Compiler
/home/laseczka/workspace/hello_stm_uart/Debug
arm-none-eabi-gcc -mcpu=cortex-m3 -mthumb -mfloat-abi=soft -DSTM32 -DSTM32F1 -DSTM32F103RBTx -DNUCLEO_F103RB -DDEBUG -DSTM32F10X_MD -DUSE_STDPERIPH_DRIVER -I"/home/laseczka/workspace/hello_stm_uart/Utilities/STM32F1xx-Nucleo" -I"/home/laseczka/workspace/hello_stm_uart/StdPeriph_Driver/inc" -I"/home/laseczka/workspace/hello_stm_uart/inc" -I"/home/laseczka/workspace/hello_stm_uart/CMSIS/device" -I"/home/laseczka/workspace/hello_stm_uart/CMSIS/core" -O0 -g3 -Wall -fmessage-length=0 -ffunction-sections -c -MMD -MP -MF"src/main.d" -MT"src/main.o" -o "src/main.o" "../src/main.c"
Finished building: ../src/main.c
 
Building target: hello_stm_uart.elf
Invoking: MCU GCC Linker
arm-none-eabi-gcc -mcpu=cortex-m3 -mthumb -mfloat-abi=soft -T"/home/laseczka/workspace/hello_stm_uart/LinkerScript.ld" -Wl,-Map=output.map -Wl,--gc-sections -o "hello_stm_uart.elf" @"objects.list"   -lm
Finished building target: hello_stm_uart.elf
 
make --no-print-directory post-build
Generating binary and Printing size information:
arm-none-eabi-objcopy -O binary "hello_stm_uart.elf" "hello_stm_uart.bin"
arm-none-eabi-size "hello_stm_uart.elf"
   text	   data	    bss	    dec	    hex	filename
   2792	   1104	    324	   4220	   107c	hello_stm_uart.elf
 

13:49:58 Build Finished (took 1s.206ms)

