12:06:00 **** Incremental Build of configuration Debug for project test1 ****
make -j2 all 
Building file: ../src/main.c
Invoking: MCU GCC Compiler
/home/laseczka/workspace/test1/Debug
arm-none-eabi-gcc -mcpu=cortex-m3 -mthumb -mfloat-abi=soft -DSTM32 -DSTM32F1 -DSTM32F103RBTx -DNUCLEO_F103RB -DDEBUG -DSTM32F10X_MD -DUSE_STDPERIPH_DRIVER -I"/home/laseczka/workspace/test1/Utilities/STM32F1xx-Nucleo" -I"/home/laseczka/workspace/test1/StdPeriph_Driver/inc" -I"/home/laseczka/workspace/test1/inc" -I"/home/laseczka/workspace/test1/CMSIS/device" -I"/home/laseczka/workspace/test1/CMSIS/core" -O0 -g3 -Wall -fmessage-length=0 -ffunction-sections -c -MMD -MP -MF"src/main.d" -MT"src/main.o" -o "src/main.o" "../src/main.c"
Finished building: ../src/main.c
 
Building target: test1.elf
Invoking: MCU GCC Linker
arm-none-eabi-gcc -mcpu=cortex-m3 -mthumb -mfloat-abi=soft -T"/home/laseczka/workspace/test1/LinkerScript.ld" -Wl,-Map=output.map -Wl,--gc-sections -o "test1.elf" @"objects.list"   -lm
Finished building target: test1.elf
 
make --no-print-directory post-build
Generating binary and Printing size information:
arm-none-eabi-objcopy -O binary "test1.elf" "test1.bin"
arm-none-eabi-size "test1.elf"
   text	   data	    bss	    dec	    hex	filename
  28352	   2508	    384	  31244	   7a0c	test1.elf
 

12:06:01 Build Finished (took 1s.591ms)

